<?xml version="1.0" encoding="ISO-8859-1" ?>
<link_info>
   <banner>TI ARM Clang Linker Unix v2.1.3.LTS</banner>
   <copyright>Copyright (c) 1996-2018 Texas Instruments Incorporated</copyright>
   <link_time>0x6569202e</link_time>
   <link_errors>0x0</link_errors>
   <output_file>ECE319K_Lab9.out</output_file>
   <entry_point>
      <name>_c_int00_noargs</name>
      <address>0xfe2d</address>
   </entry_point>
   <input_file_list>
      <input_file id="fl-1">
         <path>./</path>
         <kind>object</kind>
         <file>ADC1.o</file>
         <name>ADC1.o</name>
      </input_file>
      <input_file id="fl-2">
         <path>./</path>
         <kind>object</kind>
         <file>Clock.o</file>
         <name>Clock.o</name>
      </input_file>
      <input_file id="fl-3">
         <path>./</path>
         <kind>object</kind>
         <file>DAC5.o</file>
         <name>DAC5.o</name>
      </input_file>
      <input_file id="fl-4">
         <path>./</path>
         <kind>object</kind>
         <file>FIFO1.o</file>
         <name>FIFO1.o</name>
      </input_file>
      <input_file id="fl-5">
         <path>./</path>
         <kind>object</kind>
         <file>LED.o</file>
         <name>LED.o</name>
      </input_file>
      <input_file id="fl-6">
         <path>./</path>
         <kind>object</kind>
         <file>Lab9Main.o</file>
         <name>Lab9Main.o</name>
      </input_file>
      <input_file id="fl-7">
         <path>./</path>
         <kind>object</kind>
         <file>LaunchPad.o</file>
         <name>LaunchPad.o</name>
      </input_file>
      <input_file id="fl-8">
         <path>./</path>
         <kind>object</kind>
         <file>SPI.o</file>
         <name>SPI.o</name>
      </input_file>
      <input_file id="fl-9">
         <path>./</path>
         <kind>object</kind>
         <file>ST7735.o</file>
         <name>ST7735.o</name>
      </input_file>
      <input_file id="fl-a">
         <path>./</path>
         <kind>object</kind>
         <file>SmallFont.o</file>
         <name>SmallFont.o</name>
      </input_file>
      <input_file id="fl-b">
         <path>./</path>
         <kind>object</kind>
         <file>Sound.o</file>
         <name>Sound.o</name>
      </input_file>
      <input_file id="fl-c">
         <path>./</path>
         <kind>object</kind>
         <file>Switch.o</file>
         <name>Switch.o</name>
      </input_file>
      <input_file id="fl-d">
         <path>./</path>
         <kind>object</kind>
         <file>TExaS.o</file>
         <name>TExaS.o</name>
      </input_file>
      <input_file id="fl-e">
         <path>./</path>
         <kind>object</kind>
         <file>Timer.o</file>
         <name>Timer.o</name>
      </input_file>
      <input_file id="fl-f">
         <path>./</path>
         <kind>object</kind>
         <file>UART1.o</file>
         <name>UART1.o</name>
      </input_file>
      <input_file id="fl-10">
         <path>./</path>
         <kind>object</kind>
         <file>UART2.o</file>
         <name>UART2.o</name>
      </input_file>
      <input_file id="fl-11">
         <path>./images/pipedreams/</path>
         <kind>object</kind>
         <file>PipeSound.o</file>
         <name>PipeSound.o</name>
      </input_file>
      <input_file id="fl-12">
         <path>./ticlang/</path>
         <kind>object</kind>
         <file>startup_mspm0g3507_ticlang.o</file>
         <name>startup_mspm0g3507_ticlang.o</name>
      </input_file>
      <input_file id="fl-1e">
         <kind>object</kind>
         <file>&lt;internal&gt;</file>
         <name>&lt;internal&gt;</name>
      </input_file>
      <input_file id="fl-2a">
         <path>/Applications/ti/ccs1240/ccs/tools/compiler/ti-cgt-armllvm_2.1.3.LTS/lib/armv6m-ti-none-eabi/c/</path>
         <kind>archive</kind>
         <file>libc.a</file>
         <name>fopen.c.obj</name>
      </input_file>
      <input_file id="fl-2b">
         <path>/Applications/ti/ccs1240/ccs/tools/compiler/ti-cgt-armllvm_2.1.3.LTS/lib/armv6m-ti-none-eabi/c/</path>
         <kind>archive</kind>
         <file>libc.a</file>
         <name>setvbuf.c.obj</name>
      </input_file>
      <input_file id="fl-2c">
         <path>/Applications/ti/ccs1240/ccs/tools/compiler/ti-cgt-armllvm_2.1.3.LTS/lib/armv6m-ti-none-eabi/c/</path>
         <kind>archive</kind>
         <file>libc.a</file>
         <name>exit.c.obj</name>
      </input_file>
      <input_file id="fl-2d">
         <path>/Applications/ti/ccs1240/ccs/tools/compiler/ti-cgt-armllvm_2.1.3.LTS/lib/armv6m-ti-none-eabi/c/</path>
         <kind>archive</kind>
         <file>libc.a</file>
         <name>_lock.c.obj</name>
      </input_file>
      <input_file id="fl-2e">
         <path>/Applications/ti/ccs1240/ccs/tools/compiler/ti-cgt-armllvm_2.1.3.LTS/lib/armv6m-ti-none-eabi/c/</path>
         <kind>archive</kind>
         <file>libc.a</file>
         <name>defs.c.obj</name>
      </input_file>
      <input_file id="fl-2f">
         <path>/Applications/ti/ccs1240/ccs/tools/compiler/ti-cgt-armllvm_2.1.3.LTS/lib/armv6m-ti-none-eabi/c/</path>
         <kind>archive</kind>
         <file>libc.a</file>
         <name>memory.c.obj</name>
      </input_file>
      <input_file id="fl-30">
         <path>/Applications/ti/ccs1240/ccs/tools/compiler/ti-cgt-armllvm_2.1.3.LTS/lib/armv6m-ti-none-eabi/c/</path>
         <kind>archive</kind>
         <file>libc.a</file>
         <name>boot_cortex_m.c.obj</name>
      </input_file>
      <input_file id="fl-31">
         <path>/Applications/ti/ccs1240/ccs/tools/compiler/ti-cgt-armllvm_2.1.3.LTS/lib/armv6m-ti-none-eabi/c/</path>
         <kind>archive</kind>
         <file>libc.a</file>
         <name>mathacl_init.c.obj</name>
      </input_file>
      <input_file id="fl-32">
         <path>/Applications/ti/ccs1240/ccs/tools/compiler/ti-cgt-armllvm_2.1.3.LTS/lib/armv6m-ti-none-eabi/c/</path>
         <kind>archive</kind>
         <file>libc.a</file>
         <name>autoinit.c.obj</name>
      </input_file>
      <input_file id="fl-33">
         <path>/Applications/ti/ccs1240/ccs/tools/compiler/ti-cgt-armllvm_2.1.3.LTS/lib/armv6m-ti-none-eabi/c/</path>
         <kind>archive</kind>
         <file>libc.a</file>
         <name>pre_init.c.obj</name>
      </input_file>
      <input_file id="fl-34">
         <path>/Applications/ti/ccs1240/ccs/tools/compiler/ti-cgt-armllvm_2.1.3.LTS/lib/armv6m-ti-none-eabi/c/</path>
         <kind>archive</kind>
         <file>libc.a</file>
         <name>cpy_tbl.c.obj</name>
      </input_file>
      <input_file id="fl-35">
         <path>/Applications/ti/ccs1240/ccs/tools/compiler/ti-cgt-armllvm_2.1.3.LTS/lib/armv6m-ti-none-eabi/c/</path>
         <kind>archive</kind>
         <file>libc.a</file>
         <name>copy_zero_init.c.obj</name>
      </input_file>
      <input_file id="fl-36">
         <path>/Applications/ti/ccs1240/ccs/tools/compiler/ti-cgt-armllvm_2.1.3.LTS/lib/armv6m-ti-none-eabi/c/</path>
         <kind>archive</kind>
         <file>libc.a</file>
         <name>copy_decompress_none.c.obj</name>
      </input_file>
      <input_file id="fl-37">
         <path>/Applications/ti/ccs1240/ccs/tools/compiler/ti-cgt-armllvm_2.1.3.LTS/lib/armv6m-ti-none-eabi/c/</path>
         <kind>archive</kind>
         <file>libc.a</file>
         <name>copy_decompress_lzss.c.obj</name>
      </input_file>
      <input_file id="fl-38">
         <path>/Applications/ti/ccs1240/ccs/tools/compiler/ti-cgt-armllvm_2.1.3.LTS/lib/armv6m-ti-none-eabi/c/</path>
         <kind>archive</kind>
         <file>libc.a</file>
         <name>abs.c.obj</name>
      </input_file>
      <input_file id="fl-39">
         <path>/Applications/ti/ccs1240/ccs/tools/compiler/ti-cgt-armllvm_2.1.3.LTS/lib/armv6m-ti-none-eabi/c/</path>
         <kind>archive</kind>
         <file>libc.a</file>
         <name>fclose.c.obj</name>
      </input_file>
      <input_file id="fl-3a">
         <path>/Applications/ti/ccs1240/ccs/tools/compiler/ti-cgt-armllvm_2.1.3.LTS/lib/armv6m-ti-none-eabi/c/</path>
         <kind>archive</kind>
         <file>libc.a</file>
         <name>fflush.c.obj</name>
      </input_file>
      <input_file id="fl-3b">
         <path>/Applications/ti/ccs1240/ccs/tools/compiler/ti-cgt-armllvm_2.1.3.LTS/lib/armv6m-ti-none-eabi/c/</path>
         <kind>archive</kind>
         <file>libc.a</file>
         <name>args_main.c.obj</name>
      </input_file>
      <input_file id="fl-74">
         <path>/Applications/ti/ccs1240/ccs/tools/compiler/ti-cgt-armllvm_2.1.3.LTS/lib/armv6m-ti-none-eabi/c/</path>
         <kind>archive</kind>
         <file>libsysbm.a</file>
         <name>write.c.obj</name>
      </input_file>
      <input_file id="fl-75">
         <path>/Applications/ti/ccs1240/ccs/tools/compiler/ti-cgt-armllvm_2.1.3.LTS/lib/armv6m-ti-none-eabi/c/</path>
         <kind>archive</kind>
         <file>libsysbm.a</file>
         <name>host_device.c.obj</name>
      </input_file>
      <input_file id="fl-76">
         <path>/Applications/ti/ccs1240/ccs/tools/compiler/ti-cgt-armllvm_2.1.3.LTS/lib/armv6m-ti-none-eabi/c/</path>
         <kind>archive</kind>
         <file>libsysbm.a</file>
         <name>remove.c.obj</name>
      </input_file>
      <input_file id="fl-77">
         <path>/Applications/ti/ccs1240/ccs/tools/compiler/ti-cgt-armllvm_2.1.3.LTS/lib/armv6m-ti-none-eabi/c/</path>
         <kind>archive</kind>
         <file>libsysbm.a</file>
         <name>open.c.obj</name>
      </input_file>
      <input_file id="fl-78">
         <path>/Applications/ti/ccs1240/ccs/tools/compiler/ti-cgt-armllvm_2.1.3.LTS/lib/armv6m-ti-none-eabi/c/</path>
         <kind>archive</kind>
         <file>libsysbm.a</file>
         <name>close.c.obj</name>
      </input_file>
      <input_file id="fl-79">
         <path>/Applications/ti/ccs1240/ccs/tools/compiler/ti-cgt-armllvm_2.1.3.LTS/lib/armv6m-ti-none-eabi/c/</path>
         <kind>archive</kind>
         <file>libsysbm.a</file>
         <name>add_device.c.obj</name>
      </input_file>
      <input_file id="fl-7a">
         <path>/Applications/ti/ccs1240/ccs/tools/compiler/ti-cgt-armllvm_2.1.3.LTS/lib/armv6m-ti-none-eabi/c/</path>
         <kind>archive</kind>
         <file>libsysbm.a</file>
         <name>unlink.c.obj</name>
      </input_file>
      <input_file id="fl-7b">
         <path>/Applications/ti/ccs1240/ccs/tools/compiler/ti-cgt-armllvm_2.1.3.LTS/lib/armv6m-ti-none-eabi/c/</path>
         <kind>archive</kind>
         <file>libsysbm.a</file>
         <name>hostclose.c.obj</name>
      </input_file>
      <input_file id="fl-7c">
         <path>/Applications/ti/ccs1240/ccs/tools/compiler/ti-cgt-armllvm_2.1.3.LTS/lib/armv6m-ti-none-eabi/c/</path>
         <kind>archive</kind>
         <file>libsysbm.a</file>
         <name>hostlseek.c.obj</name>
      </input_file>
      <input_file id="fl-7d">
         <path>/Applications/ti/ccs1240/ccs/tools/compiler/ti-cgt-armllvm_2.1.3.LTS/lib/armv6m-ti-none-eabi/c/</path>
         <kind>archive</kind>
         <file>libsysbm.a</file>
         <name>hostopen.c.obj</name>
      </input_file>
      <input_file id="fl-7e">
         <path>/Applications/ti/ccs1240/ccs/tools/compiler/ti-cgt-armllvm_2.1.3.LTS/lib/armv6m-ti-none-eabi/c/</path>
         <kind>archive</kind>
         <file>libsysbm.a</file>
         <name>hostread.c.obj</name>
      </input_file>
      <input_file id="fl-7f">
         <path>/Applications/ti/ccs1240/ccs/tools/compiler/ti-cgt-armllvm_2.1.3.LTS/lib/armv6m-ti-none-eabi/c/</path>
         <kind>archive</kind>
         <file>libsysbm.a</file>
         <name>hostrename.c.obj</name>
      </input_file>
      <input_file id="fl-80">
         <path>/Applications/ti/ccs1240/ccs/tools/compiler/ti-cgt-armllvm_2.1.3.LTS/lib/armv6m-ti-none-eabi/c/</path>
         <kind>archive</kind>
         <file>libsysbm.a</file>
         <name>hostunlink.c.obj</name>
      </input_file>
      <input_file id="fl-81">
         <path>/Applications/ti/ccs1240/ccs/tools/compiler/ti-cgt-armllvm_2.1.3.LTS/lib/armv6m-ti-none-eabi/c/</path>
         <kind>archive</kind>
         <file>libsysbm.a</file>
         <name>hostwrite.c.obj</name>
      </input_file>
      <input_file id="fl-82">
         <path>/Applications/ti/ccs1240/ccs/tools/compiler/ti-cgt-armllvm_2.1.3.LTS/lib/armv6m-ti-none-eabi/c/</path>
         <kind>archive</kind>
         <file>libsysbm.a</file>
         <name>trgmsg.c.obj</name>
      </input_file>
      <input_file id="fl-83">
         <path>/Applications/ti/ccs1240/ccs/tools/compiler/ti-cgt-armllvm_2.1.3.LTS/lib/clang/14.0.6/lib/armv6m-ti-none-eabi/</path>
         <kind>archive</kind>
         <file>libclang_rt.builtins.a</file>
         <name>adddf3.S.obj</name>
      </input_file>
      <input_file id="fl-84">
         <path>/Applications/ti/ccs1240/ccs/tools/compiler/ti-cgt-armllvm_2.1.3.LTS/lib/clang/14.0.6/lib/armv6m-ti-none-eabi/</path>
         <kind>archive</kind>
         <file>libclang_rt.builtins.a</file>
         <name>muldf3.S.obj</name>
      </input_file>
      <input_file id="fl-85">
         <path>/Applications/ti/ccs1240/ccs/tools/compiler/ti-cgt-armllvm_2.1.3.LTS/lib/clang/14.0.6/lib/armv6m-ti-none-eabi/</path>
         <kind>archive</kind>
         <file>libclang_rt.builtins.a</file>
         <name>muldsi3.S.obj</name>
      </input_file>
      <input_file id="fl-86">
         <path>/Applications/ti/ccs1240/ccs/tools/compiler/ti-cgt-armllvm_2.1.3.LTS/lib/clang/14.0.6/lib/armv6m-ti-none-eabi/</path>
         <kind>archive</kind>
         <file>libclang_rt.builtins.a</file>
         <name>fixdfsi.S.obj</name>
      </input_file>
      <input_file id="fl-87">
         <path>/Applications/ti/ccs1240/ccs/tools/compiler/ti-cgt-armllvm_2.1.3.LTS/lib/clang/14.0.6/lib/armv6m-ti-none-eabi/</path>
         <kind>archive</kind>
         <file>libclang_rt.builtins.a</file>
         <name>floatsidf.S.obj</name>
      </input_file>
      <input_file id="fl-88">
         <path>/Applications/ti/ccs1240/ccs/tools/compiler/ti-cgt-armllvm_2.1.3.LTS/lib/clang/14.0.6/lib/armv6m-ti-none-eabi/</path>
         <kind>archive</kind>
         <file>libclang_rt.builtins.a</file>
         <name>aeabi_idivmod.S.obj</name>
      </input_file>
      <input_file id="fl-89">
         <path>/Applications/ti/ccs1240/ccs/tools/compiler/ti-cgt-armllvm_2.1.3.LTS/lib/clang/14.0.6/lib/armv6m-ti-none-eabi/</path>
         <kind>archive</kind>
         <file>libclang_rt.builtins.a</file>
         <name>aeabi_memcpy.S.obj</name>
      </input_file>
      <input_file id="fl-8a">
         <path>/Applications/ti/ccs1240/ccs/tools/compiler/ti-cgt-armllvm_2.1.3.LTS/lib/clang/14.0.6/lib/armv6m-ti-none-eabi/</path>
         <kind>archive</kind>
         <file>libclang_rt.builtins.a</file>
         <name>aeabi_memset.S.obj</name>
      </input_file>
      <input_file id="fl-8b">
         <path>/Applications/ti/ccs1240/ccs/tools/compiler/ti-cgt-armllvm_2.1.3.LTS/lib/clang/14.0.6/lib/armv6m-ti-none-eabi/</path>
         <kind>archive</kind>
         <file>libclang_rt.builtins.a</file>
         <name>aeabi_uidivmod.S.obj</name>
      </input_file>
      <input_file id="fl-8c">
         <path>/Applications/ti/ccs1240/ccs/tools/compiler/ti-cgt-armllvm_2.1.3.LTS/lib/clang/14.0.6/lib/armv6m-ti-none-eabi/</path>
         <kind>archive</kind>
         <file>libclang_rt.builtins.a</file>
         <name>aeabi_div0.c.obj</name>
      </input_file>
      <input_file id="fl-8d">
         <path>/Applications/ti/ccs1240/ccs/tools/compiler/ti-cgt-armllvm_2.1.3.LTS/lib/armv6m-ti-none-eabi/c/</path>
         <kind>archive</kind>
         <file>libc.a</file>
         <name>getdevice.c.obj</name>
      </input_file>
      <input_file id="fl-8e">
         <path>/Applications/ti/ccs1240/ccs/tools/compiler/ti-cgt-armllvm_2.1.3.LTS/lib/armv6m-ti-none-eabi/c/</path>
         <kind>archive</kind>
         <file>libc.a</file>
         <name>memcpy16.S.obj</name>
      </input_file>
      <input_file id="fl-8f">
         <path>/Applications/ti/ccs1240/ccs/tools/compiler/ti-cgt-armllvm_2.1.3.LTS/lib/armv6m-ti-none-eabi/c/</path>
         <kind>archive</kind>
         <file>libc.a</file>
         <name>memset16.S.obj</name>
      </input_file>
   </input_file_list>
   <object_component_list>
      <object_component id="oc-18">
         <name>.intvecs</name>
         <load_address>0x0</load_address>
         <run_address>0x0</run_address>
         <size>0xc0</size>
         <input_file_ref idref="fl-12"/>
      </object_component>
      <object_component id="oc-8e">
         <name>.text.main</name>
         <load_address>0xd210</load_address>
         <run_address>0xd210</run_address>
         <size>0x35c</size>
         <input_file_ref idref="fl-6"/>
      </object_component>
      <object_component id="oc-d6">
         <name>.text.checkFor4</name>
         <load_address>0xd56c</load_address>
         <run_address>0xd56c</run_address>
         <size>0x28c</size>
         <input_file_ref idref="fl-6"/>
      </object_component>
      <object_component id="oc-d2">
         <name>.text.ST7735_DrawBitmap</name>
         <load_address>0xd7f8</load_address>
         <run_address>0xd7f8</run_address>
         <size>0x210</size>
         <input_file_ref idref="fl-9"/>
      </object_component>
      <object_component id="oc-d4">
         <name>.text.MoveCheck</name>
         <load_address>0xda08</load_address>
         <run_address>0xda08</run_address>
         <size>0x1d4</size>
         <input_file_ref idref="fl-6"/>
      </object_component>
      <object_component id="oc-a8">
         <name>.text.Clock_Init80MHz</name>
         <load_address>0xdbdc</load_address>
         <run_address>0xdbdc</run_address>
         <size>0x1b4</size>
         <input_file_ref idref="fl-2"/>
      </object_component>
      <object_component id="oc-180">
         <name>.text.ST7735_DrawCharS</name>
         <load_address>0xdd90</load_address>
         <run_address>0xdd90</run_address>
         <size>0x1a0</size>
         <input_file_ref idref="fl-9"/>
      </object_component>
      <object_component id="oc-ca">
         <name>.text</name>
         <load_address>0xdf30</load_address>
         <run_address>0xdf30</run_address>
         <size>0x192</size>
         <input_file_ref idref="fl-83"/>
      </object_component>
      <object_component id="oc-207">
         <name>.text.__aeabi_idiv0</name>
         <load_address>0xe0c2</load_address>
         <run_address>0xe0c2</run_address>
         <size>0x2</size>
         <input_file_ref idref="fl-8c"/>
      </object_component>
      <object_component id="oc-165">
         <name>.text._openfile</name>
         <load_address>0xe0c4</load_address>
         <run_address>0xe0c4</run_address>
         <size>0x13c</size>
         <input_file_ref idref="fl-2a"/>
      </object_component>
      <object_component id="oc-1c6">
         <name>.text.aligned_alloc</name>
         <load_address>0xe200</load_address>
         <run_address>0xe200</run_address>
         <size>0x13c</size>
         <input_file_ref idref="fl-2f"/>
      </object_component>
      <object_component id="oc-100">
         <name>.text.Clock_Init40MHz</name>
         <load_address>0xe33c</load_address>
         <run_address>0xe33c</run_address>
         <size>0x11c</size>
         <input_file_ref idref="fl-2"/>
      </object_component>
      <object_component id="oc-17a">
         <name>.text.ST7735_FillRect</name>
         <load_address>0xe458</load_address>
         <run_address>0xe458</run_address>
         <size>0x118</size>
         <input_file_ref idref="fl-9"/>
      </object_component>
      <object_component id="oc-170">
         <name>.text.free</name>
         <load_address>0xe570</load_address>
         <run_address>0xe570</run_address>
         <size>0x100</size>
         <input_file_ref idref="fl-2f"/>
      </object_component>
      <object_component id="oc-18a">
         <name>.text.SPI_Init</name>
         <load_address>0xe670</load_address>
         <run_address>0xe670</run_address>
         <size>0xf8</size>
         <input_file_ref idref="fl-8"/>
      </object_component>
      <object_component id="oc-108">
         <name>.text.add_device</name>
         <load_address>0xe768</load_address>
         <run_address>0xe768</run_address>
         <size>0xe8</size>
         <input_file_ref idref="fl-79"/>
      </object_component>
      <object_component id="oc-c6">
         <name>.text</name>
         <load_address>0xe850</load_address>
         <run_address>0xe850</run_address>
         <size>0xe4</size>
         <input_file_ref idref="fl-84"/>
      </object_component>
      <object_component id="oc-113">
         <name>.text.setvbuf</name>
         <load_address>0xe934</load_address>
         <run_address>0xe934</run_address>
         <size>0xe0</size>
         <input_file_ref idref="fl-2b"/>
      </object_component>
      <object_component id="oc-140">
         <name>.text.ST7735_OutChar</name>
         <load_address>0xea14</load_address>
         <run_address>0xea14</run_address>
         <size>0xd4</size>
         <input_file_ref idref="fl-9"/>
      </object_component>
      <object_component id="oc-124">
         <name>.text.DAC5_Init</name>
         <load_address>0xeae8</load_address>
         <run_address>0xeae8</run_address>
         <size>0xa8</size>
         <input_file_ref idref="fl-3"/>
      </object_component>
      <object_component id="oc-1af">
         <name>.text.open</name>
         <load_address>0xeb90</load_address>
         <run_address>0xeb90</run_address>
         <size>0xa8</size>
         <input_file_ref idref="fl-77"/>
      </object_component>
      <object_component id="oc-14f">
         <name>.text.commandList</name>
         <load_address>0xec38</load_address>
         <run_address>0xec38</run_address>
         <size>0xa2</size>
         <input_file_ref idref="fl-9"/>
      </object_component>
      <object_component id="oc-181">
         <name>.text._nop</name>
         <load_address>0xecda</load_address>
         <run_address>0xecda</run_address>
         <size>0x2</size>
         <input_file_ref idref="fl-2d"/>
      </object_component>
      <object_component id="oc-b3">
         <name>.text.ST7735_InitPrintf</name>
         <load_address>0xecdc</load_address>
         <run_address>0xecdc</run_address>
         <size>0x9c</size>
         <input_file_ref idref="fl-9"/>
      </object_component>
      <object_component id="oc-107">
         <name>.text.ST7735_InitR</name>
         <load_address>0xed78</load_address>
         <run_address>0xed78</run_address>
         <size>0x98</size>
         <input_file_ref idref="fl-9"/>
      </object_component>
      <object_component id="oc-b9">
         <name>.text.TimerG12_IntArm</name>
         <load_address>0xee10</load_address>
         <run_address>0xee10</run_address>
         <size>0x94</size>
         <input_file_ref idref="fl-e"/>
      </object_component>
      <object_component id="oc-132">
         <name>.text.setAddrWindow</name>
         <load_address>0xeea4</load_address>
         <run_address>0xeea4</run_address>
         <size>0x88</size>
         <input_file_ref idref="fl-9"/>
      </object_component>
      <object_component id="oc-ad">
         <name>.text.LaunchPad_Init</name>
         <load_address>0xef2c</load_address>
         <run_address>0xef2c</run_address>
         <size>0x84</size>
         <input_file_ref idref="fl-7"/>
      </object_component>
      <object_component id="oc-17f">
         <name>.text.ST7735_DrawString</name>
         <load_address>0xefb0</load_address>
         <run_address>0xefb0</run_address>
         <size>0x84</size>
         <input_file_ref idref="fl-9"/>
      </object_component>
      <object_component id="oc-10c">
         <name>.text.fopen</name>
         <load_address>0xf034</load_address>
         <run_address>0xf034</run_address>
         <size>0x84</size>
         <input_file_ref idref="fl-2a"/>
      </object_component>
      <object_component id="oc-16a">
         <name>.text.__TI_closefile</name>
         <load_address>0xf0b8</load_address>
         <run_address>0xf0b8</run_address>
         <size>0x7c</size>
         <input_file_ref idref="fl-39"/>
      </object_component>
      <object_component id="oc-c0">
         <name>.text.ADCinit</name>
         <load_address>0xf134</load_address>
         <run_address>0xf134</run_address>
         <size>0x78</size>
         <input_file_ref idref="fl-1"/>
      </object_component>
      <object_component id="oc-1c7">
         <name>.text.ST7735_DrawPixel</name>
         <load_address>0xf1ac</load_address>
         <run_address>0xf1ac</run_address>
         <size>0x70</size>
         <input_file_ref idref="fl-9"/>
      </object_component>
      <object_component id="oc-1ed">
         <name>.text.getdevice</name>
         <load_address>0xf21c</load_address>
         <run_address>0xf21c</run_address>
         <size>0x6c</size>
         <input_file_ref idref="fl-8d"/>
      </object_component>
      <object_component id="oc-19e">
         <name>.text.HOSTlseek</name>
         <load_address>0xf288</load_address>
         <run_address>0xf288</run_address>
         <size>0x68</size>
         <input_file_ref idref="fl-7c"/>
      </object_component>
      <object_component id="oc-1a6">
         <name>.text.HOSTrename</name>
         <load_address>0xf2f0</load_address>
         <run_address>0xf2f0</run_address>
         <size>0x68</size>
         <input_file_ref idref="fl-7f"/>
      </object_component>
      <object_component id="oc-1c">
         <name>.text:decompress:lzss</name>
         <load_address>0xf358</load_address>
         <run_address>0xf358</run_address>
         <size>0x68</size>
         <input_file_ref idref="fl-37"/>
      </object_component>
      <object_component id="oc-204">
         <name>.text.split</name>
         <load_address>0xf3c0</load_address>
         <run_address>0xf3c0</run_address>
         <size>0x64</size>
         <input_file_ref idref="fl-2f"/>
      </object_component>
      <object_component id="oc-bf">
         <name>.text.initBoard</name>
         <load_address>0xf424</load_address>
         <run_address>0xf424</run_address>
         <size>0x60</size>
         <input_file_ref idref="fl-6"/>
      </object_component>
      <object_component id="oc-18e">
         <name>.text.HOSTopen</name>
         <load_address>0xf484</load_address>
         <run_address>0xf484</run_address>
         <size>0x5c</size>
         <input_file_ref idref="fl-7d"/>
      </object_component>
      <object_component id="oc-be">
         <name>.text.MainMenu</name>
         <load_address>0xf4e0</load_address>
         <run_address>0xf4e0</run_address>
         <size>0x5c</size>
         <input_file_ref idref="fl-6"/>
      </object_component>
      <object_component id="oc-196">
         <name>.text.HOSTread</name>
         <load_address>0xf53c</load_address>
         <run_address>0xf53c</run_address>
         <size>0x58</size>
         <input_file_ref idref="fl-7e"/>
      </object_component>
      <object_component id="oc-19a">
         <name>.text.HOSTwrite</name>
         <load_address>0xf594</load_address>
         <run_address>0xf594</run_address>
         <size>0x58</size>
         <input_file_ref idref="fl-81"/>
      </object_component>
      <object_component id="oc-1b3">
         <name>.text.__TI_doflush</name>
         <load_address>0xf5ec</load_address>
         <run_address>0xf5ec</run_address>
         <size>0x50</size>
         <input_file_ref idref="fl-3a"/>
      </object_component>
      <object_component id="oc-1b9">
         <name>.text.close</name>
         <load_address>0xf63c</load_address>
         <run_address>0xf63c</run_address>
         <size>0x50</size>
         <input_file_ref idref="fl-78"/>
      </object_component>
      <object_component id="oc-2e">
         <name>.text.SysTick_Handler</name>
         <load_address>0xf68c</load_address>
         <run_address>0xf68c</run_address>
         <size>0x4c</size>
         <input_file_ref idref="fl-b"/>
      </object_component>
      <object_component id="oc-ce">
         <name>.text</name>
         <load_address>0xf6d8</load_address>
         <run_address>0xf6d8</run_address>
         <size>0x4a</size>
         <input_file_ref idref="fl-86"/>
      </object_component>
      <object_component id="oc-d3">
         <name>.text.Button_In</name>
         <load_address>0xf724</load_address>
         <run_address>0xf724</run_address>
         <size>0x48</size>
         <input_file_ref idref="fl-6"/>
      </object_component>
      <object_component id="oc-192">
         <name>.text.HOSTclose</name>
         <load_address>0xf76c</load_address>
         <run_address>0xf76c</run_address>
         <size>0x48</size>
         <input_file_ref idref="fl-7b"/>
      </object_component>
      <object_component id="oc-1a2">
         <name>.text.HOSTunlink</name>
         <load_address>0xf7b4</load_address>
         <run_address>0xf7b4</run_address>
         <size>0x48</size>
         <input_file_ref idref="fl-80"/>
      </object_component>
      <object_component id="oc-150">
         <name>.text.SPI_OutCommand</name>
         <load_address>0xf7fc</load_address>
         <run_address>0xf7fc</run_address>
         <size>0x48</size>
         <input_file_ref idref="fl-8"/>
      </object_component>
      <object_component id="oc-79">
         <name>.text.ADCin</name>
         <load_address>0xf844</load_address>
         <run_address>0xf844</run_address>
         <size>0x44</size>
         <input_file_ref idref="fl-1"/>
      </object_component>
      <object_component id="oc-123">
         <name>.text.SysTick_IntArm</name>
         <load_address>0xf888</load_address>
         <run_address>0xf888</run_address>
         <size>0x44</size>
         <input_file_ref idref="fl-b"/>
      </object_component>
      <object_component id="oc-1ce">
         <name>.text.SPI_Reset</name>
         <load_address>0xf8cc</load_address>
         <run_address>0xf8cc</run_address>
         <size>0x40</size>
         <input_file_ref idref="fl-8"/>
      </object_component>
      <object_component id="oc-38">
         <name>.text.TIMG7_IRQHandler</name>
         <load_address>0xf90c</load_address>
         <run_address>0xf90c</run_address>
         <size>0x40</size>
         <input_file_ref idref="fl-d"/>
      </object_component>
      <object_component id="oc-1ca">
         <name>.text</name>
         <load_address>0xf94c</load_address>
         <run_address>0xf94c</run_address>
         <size>0x40</size>
         <input_file_ref idref="fl-8b"/>
      </object_component>
      <object_component id="oc-e7">
         <name>.text:__TI_auto_init_nobinit_nopinit</name>
         <load_address>0xf98c</load_address>
         <run_address>0xf98c</run_address>
         <size>0x3c</size>
         <input_file_ref idref="fl-32"/>
      </object_component>
      <object_component id="oc-12b">
         <name>.text</name>
         <load_address>0xf9c8</load_address>
         <run_address>0xf9c8</run_address>
         <size>0x3a</size>
         <input_file_ref idref="fl-85"/>
      </object_component>
      <object_component id="oc-104">
         <name>.text.ActivatePortA_B</name>
         <load_address>0xfa04</load_address>
         <run_address>0xfa04</run_address>
         <size>0x38</size>
         <input_file_ref idref="fl-7"/>
      </object_component>
      <object_component id="oc-133">
         <name>.text.SPI_OutData</name>
         <load_address>0xfa3c</load_address>
         <run_address>0xfa3c</run_address>
         <size>0x38</size>
         <input_file_ref idref="fl-8"/>
      </object_component>
      <object_component id="oc-159">
         <name>.text.finddevice</name>
         <load_address>0xfa74</load_address>
         <run_address>0xfa74</run_address>
         <size>0x38</size>
         <input_file_ref idref="fl-8d"/>
      </object_component>
      <object_component id="oc-18b">
         <name>.text.Clock_Delay1ms</name>
         <load_address>0xfaac</load_address>
         <run_address>0xfaac</run_address>
         <size>0x34</size>
         <input_file_ref idref="fl-2"/>
      </object_component>
      <object_component id="oc-d7">
         <name>.text.ST7735_SetCursor</name>
         <load_address>0xfae0</load_address>
         <run_address>0xfae0</run_address>
         <size>0x34</size>
         <input_file_ref idref="fl-9"/>
      </object_component>
      <object_component id="oc-11a">
         <name>.text.ST7735_write</name>
         <load_address>0xfb14</load_address>
         <run_address>0xfb14</run_address>
         <size>0x34</size>
         <input_file_ref idref="fl-9"/>
      </object_component>
      <object_component id="oc-173">
         <name>.text.__TI_cleanup</name>
         <load_address>0xfb48</load_address>
         <run_address>0xfb48</run_address>
         <size>0x34</size>
         <input_file_ref idref="fl-2a"/>
      </object_component>
      <object_component id="oc-1d5">
         <name>.text.__TI_readmsg</name>
         <load_address>0xfb7c</load_address>
         <run_address>0xfb7c</run_address>
         <size>0x34</size>
         <input_file_ref idref="fl-82"/>
      </object_component>
      <object_component id="oc-1cf">
         <name>.text.__TI_writemsg</name>
         <load_address>0xfbb0</load_address>
         <run_address>0xfbb0</run_address>
         <size>0x34</size>
         <input_file_ref idref="fl-82"/>
      </object_component>
      <object_component id="oc-e5">
         <name>.text.exit</name>
         <load_address>0xfbe4</load_address>
         <run_address>0xfbe4</run_address>
         <size>0x34</size>
         <input_file_ref idref="fl-2c"/>
      </object_component>
      <object_component id="oc-112">
         <name>.text.freopen</name>
         <load_address>0xfc18</load_address>
         <run_address>0xfc18</run_address>
         <size>0x34</size>
         <input_file_ref idref="fl-2a"/>
      </object_component>
      <object_component id="oc-14e">
         <name>.text.commonInit</name>
         <load_address>0xfc4c</load_address>
         <run_address>0xfc4c</run_address>
         <size>0x30</size>
         <input_file_ref idref="fl-9"/>
      </object_component>
      <object_component id="oc-c1">
         <name>.text.Convert</name>
         <load_address>0xfc7c</load_address>
         <run_address>0xfc7c</run_address>
         <size>0x2c</size>
         <input_file_ref idref="fl-1"/>
      </object_component>
      <object_component id="oc-127">
         <name>.text.ST7735_FillScreen</name>
         <load_address>0xfca8</load_address>
         <run_address>0xfca8</run_address>
         <size>0x2c</size>
         <input_file_ref idref="fl-9"/>
      </object_component>
      <object_component id="oc-13a">
         <name>.text.Sound_Explosion</name>
         <load_address>0xfcd4</load_address>
         <run_address>0xfcd4</run_address>
         <size>0x2c</size>
         <input_file_ref idref="fl-b"/>
      </object_component>
      <object_component id="oc-d5">
         <name>.text.Sound_Shoot</name>
         <load_address>0xfd00</load_address>
         <run_address>0xfd00</run_address>
         <size>0x2c</size>
         <input_file_ref idref="fl-b"/>
      </object_component>
      <object_component id="oc-3d">
         <name>.text.TIMG12_IRQHandler</name>
         <load_address>0xfd2c</load_address>
         <run_address>0xfd2c</run_address>
         <size>0x2c</size>
         <input_file_ref idref="fl-6"/>
      </object_component>
      <object_component id="oc-33">
         <name>.text.UART2_IRQHandler</name>
         <load_address>0xfd58</load_address>
         <run_address>0xfd58</run_address>
         <size>0x2c</size>
         <input_file_ref idref="fl-10"/>
      </object_component>
      <object_component id="oc-1fc">
         <name>.text.unlink</name>
         <load_address>0xfd84</load_address>
         <run_address>0xfd84</run_address>
         <size>0x2c</size>
         <input_file_ref idref="fl-7a"/>
      </object_component>
      <object_component id="oc-c2">
         <name>.text</name>
         <load_address>0xfdb0</load_address>
         <run_address>0xfdb0</run_address>
         <size>0x2c</size>
         <input_file_ref idref="fl-87"/>
      </object_component>
      <object_component id="oc-1c5">
         <name>.text.free_list_insert</name>
         <load_address>0xfddc</load_address>
         <run_address>0xfddc</run_address>
         <size>0x28</size>
         <input_file_ref idref="fl-2f"/>
      </object_component>
      <object_component id="oc-1f3">
         <name>.text.write</name>
         <load_address>0xfe04</load_address>
         <run_address>0xfe04</run_address>
         <size>0x28</size>
         <input_file_ref idref="fl-74"/>
      </object_component>
      <object_component id="oc-5d">
         <name>.text:_c_int00_noargs</name>
         <load_address>0xfe2c</load_address>
         <run_address>0xfe2c</run_address>
         <size>0x28</size>
         <input_file_ref idref="fl-30"/>
      </object_component>
      <object_component id="oc-d8">
         <name>.text.ST7735_OutString</name>
         <load_address>0xfe54</load_address>
         <run_address>0xfe54</run_address>
         <size>0x26</size>
         <input_file_ref idref="fl-9"/>
      </object_component>
      <object_component id="oc-d9">
         <name>.text.PlayerSwitch</name>
         <load_address>0xfe7a</load_address>
         <run_address>0xfe7a</run_address>
         <size>0x1e</size>
         <input_file_ref idref="fl-6"/>
      </object_component>
      <object_component id="oc-206">
         <name>.text.pushColor</name>
         <load_address>0xfe98</load_address>
         <run_address>0xfe98</run_address>
         <size>0x1e</size>
         <input_file_ref idref="fl-9"/>
      </object_component>
      <object_component id="oc-1c4">
         <name>.text.free_list_remove</name>
         <load_address>0xfeb8</load_address>
         <run_address>0xfeb8</run_address>
         <size>0x1c</size>
         <input_file_ref idref="fl-2f"/>
      </object_component>
      <object_component id="oc-86">
         <name>.text</name>
         <load_address>0xfed4</load_address>
         <run_address>0xfed4</run_address>
         <size>0x1c</size>
         <input_file_ref idref="fl-8a"/>
      </object_component>
      <object_component id="oc-b2">
         <name>.text.Button_Init</name>
         <load_address>0xfef0</load_address>
         <run_address>0xfef0</run_address>
         <size>0x18</size>
         <input_file_ref idref="fl-6"/>
      </object_component>
      <object_component id="oc-11d">
         <name>.text.ST7735_open</name>
         <load_address>0xff08</load_address>
         <run_address>0xff08</run_address>
         <size>0x16</size>
         <input_file_ref idref="fl-9"/>
      </object_component>
      <object_component id="oc-11b">
         <name>.text.ST7735_read</name>
         <load_address>0xff1e</load_address>
         <run_address>0xff1e</run_address>
         <size>0x16</size>
         <input_file_ref idref="fl-9"/>
      </object_component>
      <object_component id="oc-69">
         <name>.text.DAC5_Out</name>
         <load_address>0xff34</load_address>
         <run_address>0xff34</run_address>
         <size>0x14</size>
         <input_file_ref idref="fl-3"/>
      </object_component>
      <object_component id="oc-54">
         <name>.text:decompress:ZI:__TI_zero_init_nomemset</name>
         <load_address>0xff48</load_address>
         <run_address>0xff48</run_address>
         <size>0x14</size>
         <input_file_ref idref="fl-35"/>
      </object_component>
      <object_component id="oc-9d">
         <name>.text:TI_memcpy_small</name>
         <load_address>0xff5c</load_address>
         <run_address>0xff5c</run_address>
         <size>0x12</size>
         <input_file_ref idref="fl-8e"/>
      </object_component>
      <object_component id="oc-20">
         <name>.text:decompress:none</name>
         <load_address>0xff6e</load_address>
         <run_address>0xff6e</run_address>
         <size>0x12</size>
         <input_file_ref idref="fl-36"/>
      </object_component>
      <object_component id="oc-da">
         <name>.text.Clock_Delay</name>
         <load_address>0xff80</load_address>
         <run_address>0xff80</run_address>
         <size>0x10</size>
         <input_file_ref idref="fl-2"/>
      </object_component>
      <object_component id="oc-b8">
         <name>.text.Sound_Init</name>
         <load_address>0xff90</load_address>
         <run_address>0xff90</run_address>
         <size>0x10</size>
         <input_file_ref idref="fl-b"/>
      </object_component>
      <object_component id="oc-119">
         <name>.text.ST7735_lseek</name>
         <load_address>0xffa0</load_address>
         <run_address>0xffa0</run_address>
         <size>0xe</size>
         <input_file_ref idref="fl-9"/>
      </object_component>
      <object_component id="oc-1e9">
         <name>.text.strcpy</name>
         <load_address>0xffae</load_address>
         <run_address>0xffae</run_address>
         <size>0xe</size>
         <input_file_ref idref="fl-7f"/>
      </object_component>
      <object_component id="oc-1ea">
         <name>.text.strlen</name>
         <load_address>0xffbc</load_address>
         <run_address>0xffbc</run_address>
         <size>0xe</size>
         <input_file_ref idref="fl-7f"/>
      </object_component>
      <object_component id="oc-fa">
         <name>.text:TI_memset_small</name>
         <load_address>0xffca</load_address>
         <run_address>0xffca</run_address>
         <size>0xe</size>
         <input_file_ref idref="fl-8f"/>
      </object_component>
      <object_component id="oc-1c9">
         <name>.text.Clock_Freq</name>
         <load_address>0xffd8</load_address>
         <run_address>0xffd8</run_address>
         <size>0xc</size>
         <input_file_ref idref="fl-2"/>
      </object_component>
      <object_component id="oc-117">
         <name>.text.ST7735_rename</name>
         <load_address>0xffe4</load_address>
         <run_address>0xffe4</run_address>
         <size>0xc</size>
         <input_file_ref idref="fl-9"/>
      </object_component>
      <object_component id="oc-172">
         <name>.text.malloc</name>
         <load_address>0xfff0</load_address>
         <run_address>0xfff0</run_address>
         <size>0xc</size>
         <input_file_ref idref="fl-2f"/>
      </object_component>
      <object_component id="oc-11e">
         <name>.text.ST7735_close</name>
         <load_address>0xfffc</load_address>
         <run_address>0xfffc</run_address>
         <size>0xa</size>
         <input_file_ref idref="fl-9"/>
      </object_component>
      <object_component id="oc-118">
         <name>.text.ST7735_unlink</name>
         <load_address>0x10006</load_address>
         <run_address>0x10006</run_address>
         <size>0xa</size>
         <input_file_ref idref="fl-9"/>
      </object_component>
      <object_component id="oc-a7">
         <name>.text.PLL_Init</name>
         <load_address>0x10010</load_address>
         <run_address>0x10010</run_address>
         <size>0x8</size>
         <input_file_ref idref="fl-6"/>
      </object_component>
      <object_component id="oc-1bd">
         <name>.text.remove</name>
         <load_address>0x10018</load_address>
         <run_address>0x10018</run_address>
         <size>0x8</size>
         <input_file_ref idref="fl-76"/>
      </object_component>
      <object_component id="oc-4d">
         <name>.text</name>
         <load_address>0x10020</load_address>
         <run_address>0x10020</run_address>
         <size>0x8</size>
         <input_file_ref idref="fl-89"/>
      </object_component>
      <object_component id="oc-2c">
         <name>.text.Default_Handler</name>
         <load_address>0x10028</load_address>
         <run_address>0x10028</run_address>
         <size>0x4</size>
         <input_file_ref idref="fl-12"/>
      </object_component>
      <object_component id="oc-2d">
         <name>.text.HardFault_Handler</name>
         <load_address>0x1002c</load_address>
         <run_address>0x1002c</run_address>
         <size>0x4</size>
         <input_file_ref idref="fl-12"/>
      </object_component>
      <object_component id="oc-28">
         <name>.text.Reset_Handler</name>
         <load_address>0x10030</load_address>
         <run_address>0x10030</run_address>
         <size>0x4</size>
         <input_file_ref idref="fl-12"/>
      </object_component>
      <object_component id="oc-8a">
         <name>.text._system_pre_init</name>
         <load_address>0x10034</load_address>
         <run_address>0x10034</run_address>
         <size>0x4</size>
         <input_file_ref idref="fl-33"/>
      </object_component>
      <object_component id="oc-e0">
         <name>.text:abort</name>
         <load_address>0x10038</load_address>
         <run_address>0x10038</run_address>
         <size>0x4</size>
         <input_file_ref idref="fl-2c"/>
      </object_component>
      <object_component id="oc-254">
         <name>.cinit..data.load</name>
         <load_address>0x10040</load_address>
         <run_address>0x10040</run_address>
         <size>0x67</size>
      </object_component>
      <object_component id="oc-252">
         <name>__TI_handler_table</name>
         <load_address>0x100a8</load_address>
         <run_address>0x100a8</run_address>
         <size>0xc</size>
      </object_component>
      <object_component id="oc-255">
         <name>.cinit..bss.load</name>
         <load_address>0x100b4</load_address>
         <run_address>0x100b4</run_address>
         <size>0x8</size>
      </object_component>
      <object_component id="oc-253">
         <name>__TI_cinit_table</name>
         <load_address>0x100bc</load_address>
         <run_address>0x100bc</run_address>
         <size>0x10</size>
      </object_component>
      <object_component id="oc-128">
         <name>.rodata.grid_new</name>
         <load_address>0xc0</load_address>
         <run_address>0xc0</run_address>
         <size>0xa000</size>
         <input_file_ref idref="fl-6"/>
      </object_component>
      <object_component id="oc-13d">
         <name>.rodata.shoot</name>
         <load_address>0xa0c0</load_address>
         <run_address>0xa0c0</run_address>
         <size>0xff0</size>
         <input_file_ref idref="fl-b"/>
      </object_component>
      <object_component id="oc-17e">
         <name>.rodata.explosion</name>
         <load_address>0xb0b0</load_address>
         <run_address>0xb0b0</run_address>
         <size>0x7d0</size>
         <input_file_ref idref="fl-b"/>
      </object_component>
      <object_component id="oc-1c8">
         <name>.rodata.Font</name>
         <load_address>0xb880</load_address>
         <run_address>0xb880</run_address>
         <size>0x4fb</size>
         <input_file_ref idref="fl-9"/>
      </object_component>
      <object_component id="oc-13c">
         <name>.rodata.red_blue</name>
         <load_address>0xbd7c</load_address>
         <run_address>0xbd7c</run_address>
         <size>0x384</size>
         <input_file_ref idref="fl-6"/>
      </object_component>
      <object_component id="oc-dd">
         <name>.rodata.red_white</name>
         <load_address>0xc100</load_address>
         <run_address>0xc100</run_address>
         <size>0x384</size>
         <input_file_ref idref="fl-6"/>
      </object_component>
      <object_component id="oc-df">
         <name>.rodata.white</name>
         <load_address>0xc484</load_address>
         <run_address>0xc484</run_address>
         <size>0x384</size>
         <input_file_ref idref="fl-6"/>
      </object_component>
      <object_component id="oc-13b">
         <name>.rodata.yellow_blue</name>
         <load_address>0xc808</load_address>
         <run_address>0xc808</run_address>
         <size>0x384</size>
         <input_file_ref idref="fl-6"/>
      </object_component>
      <object_component id="oc-dc">
         <name>.rodata.yellow_white</name>
         <load_address>0xcb8c</load_address>
         <run_address>0xcb8c</run_address>
         <size>0x384</size>
         <input_file_ref idref="fl-6"/>
      </object_component>
      <object_component id="oc-de">
         <name>.rodata.str1.1</name>
         <load_address>0xcf10</load_address>
         <run_address>0xcf10</run_address>
         <size>0x24b</size>
         <input_file_ref idref="fl-6"/>
      </object_component>
      <object_component id="oc-151">
         <name>.rodata.Rcmd1</name>
         <load_address>0xd15b</load_address>
         <run_address>0xd15b</run_address>
         <size>0x3b</size>
         <input_file_ref idref="fl-9"/>
      </object_component>
      <object_component id="oc-11c">
         <name>.rodata.str1.1</name>
         <load_address>0xd196</load_address>
         <run_address>0xd196</run_address>
         <size>0x2e</size>
         <input_file_ref idref="fl-9"/>
      </object_component>
      <object_component id="oc-156">
         <name>.rodata.Rcmd3</name>
         <load_address>0xd1c4</load_address>
         <run_address>0xd1c4</run_address>
         <size>0x2b</size>
         <input_file_ref idref="fl-9"/>
      </object_component>
      <object_component id="oc-153">
         <name>.rodata.Rcmd2green</name>
         <load_address>0xd1ef</load_address>
         <run_address>0xd1ef</run_address>
         <size>0xd</size>
         <input_file_ref idref="fl-9"/>
      </object_component>
      <object_component id="oc-152">
         <name>.rodata.Rcmd2red</name>
         <load_address>0xd1fc</load_address>
         <run_address>0xd1fc</run_address>
         <size>0xd</size>
         <input_file_ref idref="fl-9"/>
      </object_component>
      <object_component id="oc-21f">
         <name>.binit</name>
         <load_address>0x0</load_address>
         <run_address>0x0</run_address>
         <size>0x0</size>
      </object_component>
      <object_component id="oc-101">
         <name>.data.BusFreq</name>
         <load_address>0x20200650</load_address>
         <run_address>0x20200650</run_address>
         <size>0x4</size>
         <input_file_ref idref="fl-2"/>
      </object_component>
      <object_component id="oc-7f">
         <name>.data.Flag</name>
         <load_address>0x20200654</load_address>
         <run_address>0x20200654</run_address>
         <size>0x4</size>
         <input_file_ref idref="fl-6"/>
      </object_component>
      <object_component id="oc-13e">
         <name>.data.StX</name>
         <load_address>0x20200658</load_address>
         <run_address>0x20200658</run_address>
         <size>0x4</size>
         <input_file_ref idref="fl-9"/>
      </object_component>
      <object_component id="oc-13f">
         <name>.data.StY</name>
         <load_address>0x2020065c</load_address>
         <run_address>0x2020065c</run_address>
         <size>0x4</size>
         <input_file_ref idref="fl-9"/>
      </object_component>
      <object_component id="oc-158">
         <name>.data.StTextColor</name>
         <load_address>0x20200674</load_address>
         <run_address>0x20200674</run_address>
         <size>0x2</size>
         <input_file_ref idref="fl-9"/>
      </object_component>
      <object_component id="oc-138">
         <name>.data._width</name>
         <load_address>0x20200678</load_address>
         <run_address>0x20200678</run_address>
         <size>0x2</size>
         <input_file_ref idref="fl-9"/>
      </object_component>
      <object_component id="oc-139">
         <name>.data._height</name>
         <load_address>0x20200676</load_address>
         <run_address>0x20200676</run_address>
         <size>0x2</size>
         <input_file_ref idref="fl-9"/>
      </object_component>
      <object_component id="oc-70">
         <name>.data.length</name>
         <load_address>0x20200670</load_address>
         <run_address>0x20200670</run_address>
         <size>0x4</size>
         <input_file_ref idref="fl-b"/>
      </object_component>
      <object_component id="oc-6f">
         <name>.data.SysTick_Handler.i</name>
         <load_address>0x20200660</load_address>
         <run_address>0x20200660</run_address>
         <size>0x4</size>
         <input_file_ref idref="fl-b"/>
      </object_component>
      <object_component id="oc-166">
         <name>.data._search_fp.init</name>
         <load_address>0x2020067c</load_address>
         <run_address>0x2020067c</run_address>
         <size>0x1</size>
         <input_file_ref idref="fl-2a"/>
      </object_component>
      <object_component id="oc-145">
         <name>.data..L_MergedGlobals</name>
         <load_address>0x20200648</load_address>
         <run_address>0x20200648</run_address>
         <size>0x8</size>
         <input_file_ref idref="fl-2c"/>
      </object_component>
      <object_component id="oc-143">
         <name>.data._lock</name>
         <load_address>0x20200668</load_address>
         <run_address>0x20200668</run_address>
         <size>0x4</size>
         <input_file_ref idref="fl-2d"/>
      </object_component>
      <object_component id="oc-146">
         <name>.data._unlock</name>
         <load_address>0x2020066c</load_address>
         <run_address>0x2020066c</run_address>
         <size>0x4</size>
         <input_file_ref idref="fl-2d"/>
      </object_component>
      <object_component id="oc-11f">
         <name>.data._ftable</name>
         <load_address>0x20200490</load_address>
         <run_address>0x20200490</run_address>
         <size>0xf0</size>
         <input_file_ref idref="fl-2e"/>
      </object_component>
      <object_component id="oc-167">
         <name>.data.__TI_ft_end</name>
         <load_address>0x20200664</load_address>
         <run_address>0x20200664</run_address>
         <size>0x4</size>
         <input_file_ref idref="fl-2e"/>
      </object_component>
      <object_component id="oc-205">
         <name>.data.memory_is_initialized</name>
         <load_address>0x20200684</load_address>
         <run_address>0x20200684</run_address>
         <size>0x1</size>
         <input_file_ref idref="fl-2f"/>
      </object_component>
      <object_component id="oc-160">
         <name>.data._device</name>
         <load_address>0x20200580</load_address>
         <run_address>0x20200580</run_address>
         <size>0x78</size>
         <input_file_ref idref="fl-75"/>
      </object_component>
      <object_component id="oc-1ef">
         <name>.data._stream</name>
         <load_address>0x202005f8</load_address>
         <run_address>0x202005f8</run_address>
         <size>0x50</size>
         <input_file_ref idref="fl-75"/>
      </object_component>
      <object_component id="oc-1ee">
         <name>.data.open.stream_init</name>
         <load_address>0x20200688</load_address>
         <run_address>0x20200688</run_address>
         <size>0x1</size>
         <input_file_ref idref="fl-77"/>
      </object_component>
      <object_component id="oc-15f">
         <name>.data.add_device.device_init</name>
         <load_address>0x20200680</load_address>
         <run_address>0x20200680</run_address>
         <size>0x1</size>
         <input_file_ref idref="fl-79"/>
      </object_component>
      <object_component id="oc-154">
         <name>.bss.ColStart</name>
         <uninitialized>true</uninitialized>
         <run_address>0x20200288</run_address>
         <size>0x1</size>
         <input_file_ref idref="fl-9"/>
      </object_component>
      <object_component id="oc-155">
         <name>.bss.RowStart</name>
         <uninitialized>true</uninitialized>
         <run_address>0x20200289</run_address>
         <size>0x1</size>
         <input_file_ref idref="fl-9"/>
      </object_component>
      <object_component id="oc-157">
         <name>.bss.TabColor</name>
         <uninitialized>true</uninitialized>
         <run_address>0x2020028a</run_address>
         <size>0x1</size>
         <input_file_ref idref="fl-9"/>
      </object_component>
      <object_component id="oc-203">
         <name>.bss.sys_free</name>
         <uninitialized>true</uninitialized>
         <run_address>0x20200270</run_address>
         <size>0x4</size>
         <input_file_ref idref="fl-2f"/>
      </object_component>
      <object_component id="oc-20d">
         <name>.bss:_CIOBUF_</name>
         <uninitialized>true</uninitialized>
         <run_address>0x20200000</run_address>
         <size>0x120</size>
         <input_file_ref idref="fl-82"/>
      </object_component>
      <object_component id="oc-7e">
         <name>.common:Data</name>
         <uninitialized>true</uninitialized>
         <run_address>0x20200274</run_address>
         <size>0x4</size>
      </object_component>
      <object_component id="oc-129">
         <name>.common:matrix</name>
         <uninitialized>true</uninitialized>
         <run_address>0x20200120</run_address>
         <size>0xa8</size>
      </object_component>
      <object_component id="oc-db">
         <name>.common:Position</name>
         <uninitialized>true</uninitialized>
         <run_address>0x20200278</run_address>
         <size>0x4</size>
      </object_component>
      <object_component id="oc-6e">
         <name>.common:pt</name>
         <uninitialized>true</uninitialized>
         <run_address>0x20200284</run_address>
         <size>0x4</size>
      </object_component>
      <object_component id="oc-75">
         <name>.common:TExaSadc</name>
         <uninitialized>true</uninitialized>
         <run_address>0x20200280</run_address>
         <size>0x4</size>
      </object_component>
      <object_component id="oc-76">
         <name>.common:TExaSLogic</name>
         <uninitialized>true</uninitialized>
         <run_address>0x2020027c</run_address>
         <size>0x4</size>
      </object_component>
      <object_component id="oc-1c1">
         <name>.common:__TI_tmpnams</name>
         <uninitialized>true</uninitialized>
         <run_address>0x202001c8</run_address>
         <size>0xa0</size>
      </object_component>
      <object_component id="oc-1d6">
         <name>.common:parmbuf</name>
         <uninitialized>true</uninitialized>
         <run_address>0x20200268</run_address>
         <size>0x8</size>
      </object_component>
      <object_component id="oc-26">
         <name>.sysmem</name>
         <uninitialized>true</uninitialized>
         <run_address>0x20200290</run_address>
         <size>0x10</size>
         <input_file_ref idref="fl-2f"/>
      </object_component>
      <object_component id="oc-258">
         <name>.sysmem</name>
         <uninitialized>true</uninitialized>
         <run_address>0x20200290</run_address>
         <size>0x0</size>
      </object_component>
      <object_component id="oc-1a">
         <name>.stack</name>
         <uninitialized>true</uninitialized>
         <run_address>0x20207e00</run_address>
         <size>0x4</size>
         <input_file_ref idref="fl-30"/>
      </object_component>
      <object_component id="oc-257">
         <name>.stack</name>
         <uninitialized>true</uninitialized>
         <run_address>0x20207e00</run_address>
         <size>0x0</size>
      </object_component>
      <object_component id="oc-9b">
         <name>.debug_abbrev</name>
         <load_address>0x0</load_address>
         <run_address>0x0</run_address>
         <size>0xf5</size>
         <input_file_ref idref="fl-1"/>
      </object_component>
      <object_component id="oc-102">
         <name>.debug_abbrev</name>
         <load_address>0xf5</load_address>
         <run_address>0xf5</run_address>
         <size>0x18b</size>
         <input_file_ref idref="fl-2"/>
      </object_component>
      <object_component id="oc-99">
         <name>.debug_abbrev</name>
         <load_address>0x280</load_address>
         <run_address>0x280</run_address>
         <size>0xcc</size>
         <input_file_ref idref="fl-3"/>
      </object_component>
      <object_component id="oc-80">
         <name>.debug_abbrev</name>
         <load_address>0x34c</load_address>
         <run_address>0x34c</run_address>
         <size>0x1d8</size>
         <input_file_ref idref="fl-6"/>
      </object_component>
      <object_component id="oc-105">
         <name>.debug_abbrev</name>
         <load_address>0x524</load_address>
         <run_address>0x524</run_address>
         <size>0x10d</size>
         <input_file_ref idref="fl-7"/>
      </object_component>
      <object_component id="oc-17c">
         <name>.debug_abbrev</name>
         <load_address>0x631</load_address>
         <run_address>0x631</run_address>
         <size>0xdb</size>
         <input_file_ref idref="fl-8"/>
      </object_component>
      <object_component id="oc-121">
         <name>.debug_abbrev</name>
         <load_address>0x70c</load_address>
         <run_address>0x70c</run_address>
         <size>0x167</size>
         <input_file_ref idref="fl-9"/>
      </object_component>
      <object_component id="oc-71">
         <name>.debug_abbrev</name>
         <load_address>0x873</load_address>
         <run_address>0x873</run_address>
         <size>0x10a</size>
         <input_file_ref idref="fl-b"/>
      </object_component>
      <object_component id="oc-77">
         <name>.debug_abbrev</name>
         <load_address>0x97d</load_address>
         <run_address>0x97d</run_address>
         <size>0x129</size>
         <input_file_ref idref="fl-d"/>
      </object_component>
      <object_component id="oc-125">
         <name>.debug_abbrev</name>
         <load_address>0xaa6</load_address>
         <run_address>0xaa6</run_address>
         <size>0xf3</size>
         <input_file_ref idref="fl-e"/>
      </object_component>
      <object_component id="oc-73">
         <name>.debug_abbrev</name>
         <load_address>0xb99</load_address>
         <run_address>0xb99</run_address>
         <size>0x101</size>
         <input_file_ref idref="fl-10"/>
      </object_component>
      <object_component id="oc-42">
         <name>.debug_abbrev</name>
         <load_address>0xc9a</load_address>
         <run_address>0xc9a</run_address>
         <size>0x6d</size>
         <input_file_ref idref="fl-12"/>
      </object_component>
      <object_component id="oc-168">
         <name>.debug_abbrev</name>
         <load_address>0xd07</load_address>
         <run_address>0xd07</run_address>
         <size>0x13d</size>
         <input_file_ref idref="fl-2a"/>
      </object_component>
      <object_component id="oc-174">
         <name>.debug_abbrev</name>
         <load_address>0xe44</load_address>
         <run_address>0xe44</run_address>
         <size>0x9c</size>
         <input_file_ref idref="fl-2b"/>
      </object_component>
      <object_component id="oc-141">
         <name>.debug_abbrev</name>
         <load_address>0xee0</load_address>
         <run_address>0xee0</run_address>
         <size>0xb3</size>
         <input_file_ref idref="fl-2c"/>
      </object_component>
      <object_component id="oc-185">
         <name>.debug_abbrev</name>
         <load_address>0xf93</load_address>
         <run_address>0xf93</run_address>
         <size>0x73</size>
         <input_file_ref idref="fl-2d"/>
      </object_component>
      <object_component id="oc-177">
         <name>.debug_abbrev</name>
         <load_address>0x1006</load_address>
         <run_address>0x1006</run_address>
         <size>0x77</size>
         <input_file_ref idref="fl-2e"/>
      </object_component>
      <object_component id="oc-64">
         <name>.debug_abbrev</name>
         <load_address>0x107d</load_address>
         <run_address>0x107d</run_address>
         <size>0x220</size>
         <input_file_ref idref="fl-2f"/>
      </object_component>
      <object_component id="oc-44">
         <name>.debug_abbrev</name>
         <load_address>0x129d</load_address>
         <run_address>0x129d</run_address>
         <size>0xaf</size>
         <input_file_ref idref="fl-30"/>
      </object_component>
      <object_component id="oc-147">
         <name>.debug_abbrev</name>
         <load_address>0x134c</load_address>
         <run_address>0x134c</run_address>
         <size>0x186</size>
         <input_file_ref idref="fl-32"/>
      </object_component>
      <object_component id="oc-a5">
         <name>.debug_abbrev</name>
         <load_address>0x14d2</load_address>
         <run_address>0x14d2</run_address>
         <size>0x39</size>
         <input_file_ref idref="fl-33"/>
      </object_component>
      <object_component id="oc-84">
         <name>.debug_abbrev</name>
         <load_address>0x150b</load_address>
         <run_address>0x150b</run_address>
         <size>0xcb</size>
         <input_file_ref idref="fl-35"/>
      </object_component>
      <object_component id="oc-51">
         <name>.debug_abbrev</name>
         <load_address>0x15d6</load_address>
         <run_address>0x15d6</run_address>
         <size>0x70</size>
         <input_file_ref idref="fl-36"/>
      </object_component>
      <object_component id="oc-49">
         <name>.debug_abbrev</name>
         <load_address>0x1646</load_address>
         <run_address>0x1646</run_address>
         <size>0x9c</size>
         <input_file_ref idref="fl-37"/>
      </object_component>
      <object_component id="oc-1c2">
         <name>.debug_abbrev</name>
         <load_address>0x16e2</load_address>
         <run_address>0x16e2</run_address>
         <size>0xa4</size>
         <input_file_ref idref="fl-39"/>
      </object_component>
      <object_component id="oc-1f7">
         <name>.debug_abbrev</name>
         <load_address>0x1786</load_address>
         <run_address>0x1786</run_address>
         <size>0xb2</size>
         <input_file_ref idref="fl-3a"/>
      </object_component>
      <object_component id="oc-210">
         <name>.debug_abbrev</name>
         <load_address>0x1838</load_address>
         <run_address>0x1838</run_address>
         <size>0x77</size>
         <input_file_ref idref="fl-74"/>
      </object_component>
      <object_component id="oc-1ac">
         <name>.debug_abbrev</name>
         <load_address>0x18af</load_address>
         <run_address>0x18af</run_address>
         <size>0x99</size>
         <input_file_ref idref="fl-75"/>
      </object_component>
      <object_component id="oc-200">
         <name>.debug_abbrev</name>
         <load_address>0x1948</load_address>
         <run_address>0x1948</run_address>
         <size>0x64</size>
         <input_file_ref idref="fl-76"/>
      </object_component>
      <object_component id="oc-1f0">
         <name>.debug_abbrev</name>
         <load_address>0x19ac</load_address>
         <run_address>0x19ac</run_address>
         <size>0xfd</size>
         <input_file_ref idref="fl-77"/>
      </object_component>
      <object_component id="oc-1f9">
         <name>.debug_abbrev</name>
         <load_address>0x1aa9</load_address>
         <run_address>0x1aa9</run_address>
         <size>0x6b</size>
         <input_file_ref idref="fl-78"/>
      </object_component>
      <object_component id="oc-162">
         <name>.debug_abbrev</name>
         <load_address>0x1b14</load_address>
         <run_address>0x1b14</run_address>
         <size>0x14d</size>
         <input_file_ref idref="fl-79"/>
      </object_component>
      <object_component id="oc-213">
         <name>.debug_abbrev</name>
         <load_address>0x1c61</load_address>
         <run_address>0x1c61</run_address>
         <size>0xd4</size>
         <input_file_ref idref="fl-7a"/>
      </object_component>
      <object_component id="oc-1da">
         <name>.debug_abbrev</name>
         <load_address>0x1d35</load_address>
         <run_address>0x1d35</run_address>
         <size>0x81</size>
         <input_file_ref idref="fl-7b"/>
      </object_component>
      <object_component id="oc-1e3">
         <name>.debug_abbrev</name>
         <load_address>0x1db6</load_address>
         <run_address>0x1db6</run_address>
         <size>0x81</size>
         <input_file_ref idref="fl-7c"/>
      </object_component>
      <object_component id="oc-1d7">
         <name>.debug_abbrev</name>
         <load_address>0x1e37</load_address>
         <run_address>0x1e37</run_address>
         <size>0x107</size>
         <input_file_ref idref="fl-7d"/>
      </object_component>
      <object_component id="oc-1dd">
         <name>.debug_abbrev</name>
         <load_address>0x1f3e</load_address>
         <run_address>0x1f3e</run_address>
         <size>0x88</size>
         <input_file_ref idref="fl-7e"/>
      </object_component>
      <object_component id="oc-1eb">
         <name>.debug_abbrev</name>
         <load_address>0x1fc6</load_address>
         <run_address>0x1fc6</run_address>
         <size>0x10e</size>
         <input_file_ref idref="fl-7f"/>
      </object_component>
      <object_component id="oc-1e6">
         <name>.debug_abbrev</name>
         <load_address>0x20d4</load_address>
         <run_address>0x20d4</run_address>
         <size>0xdb</size>
         <input_file_ref idref="fl-80"/>
      </object_component>
      <object_component id="oc-1e0">
         <name>.debug_abbrev</name>
         <load_address>0x21af</load_address>
         <run_address>0x21af</run_address>
         <size>0x8f</size>
         <input_file_ref idref="fl-81"/>
      </object_component>
      <object_component id="oc-20e">
         <name>.debug_abbrev</name>
         <load_address>0x223e</load_address>
         <run_address>0x223e</run_address>
         <size>0xc9</size>
         <input_file_ref idref="fl-82"/>
      </object_component>
      <object_component id="oc-130">
         <name>.debug_abbrev</name>
         <load_address>0x2307</load_address>
         <run_address>0x2307</run_address>
         <size>0x27</size>
         <input_file_ref idref="fl-83"/>
      </object_component>
      <object_component id="oc-12f">
         <name>.debug_abbrev</name>
         <load_address>0x232e</load_address>
         <run_address>0x232e</run_address>
         <size>0x27</size>
         <input_file_ref idref="fl-84"/>
      </object_component>
      <object_component id="oc-17b">
         <name>.debug_abbrev</name>
         <load_address>0x2355</load_address>
         <run_address>0x2355</run_address>
         <size>0x27</size>
         <input_file_ref idref="fl-85"/>
      </object_component>
      <object_component id="oc-131">
         <name>.debug_abbrev</name>
         <load_address>0x237c</load_address>
         <run_address>0x237c</run_address>
         <size>0x27</size>
         <input_file_ref idref="fl-86"/>
      </object_component>
      <object_component id="oc-12a">
         <name>.debug_abbrev</name>
         <load_address>0x23a3</load_address>
         <run_address>0x23a3</run_address>
         <size>0x27</size>
         <input_file_ref idref="fl-87"/>
      </object_component>
      <object_component id="oc-83">
         <name>.debug_abbrev</name>
         <load_address>0x23ca</load_address>
         <run_address>0x23ca</run_address>
         <size>0x27</size>
         <input_file_ref idref="fl-89"/>
      </object_component>
      <object_component id="oc-a4">
         <name>.debug_abbrev</name>
         <load_address>0x23f1</load_address>
         <run_address>0x23f1</run_address>
         <size>0x27</size>
         <input_file_ref idref="fl-8a"/>
      </object_component>
      <object_component id="oc-20c">
         <name>.debug_abbrev</name>
         <load_address>0x2418</load_address>
         <run_address>0x2418</run_address>
         <size>0x27</size>
         <input_file_ref idref="fl-8b"/>
      </object_component>
      <object_component id="oc-216">
         <name>.debug_abbrev</name>
         <load_address>0x243f</load_address>
         <run_address>0x243f</run_address>
         <size>0x59</size>
         <input_file_ref idref="fl-8c"/>
      </object_component>
      <object_component id="oc-18c">
         <name>.debug_abbrev</name>
         <load_address>0x2498</load_address>
         <run_address>0x2498</run_address>
         <size>0x172</size>
         <input_file_ref idref="fl-8d"/>
      </object_component>
      <object_component id="oc-f9">
         <name>.debug_abbrev</name>
         <load_address>0x260a</load_address>
         <run_address>0x260a</run_address>
         <size>0x25</size>
         <input_file_ref idref="fl-8e"/>
      </object_component>
      <object_component id="oc-14d">
         <name>.debug_abbrev</name>
         <load_address>0x262f</load_address>
         <run_address>0x262f</run_address>
         <size>0x25</size>
         <input_file_ref idref="fl-8f"/>
      </object_component>
      <object_component id="oc-25a">
         <name>.debug_abbrev</name>
         <load_address>0x2654</load_address>
         <run_address>0x2654</run_address>
         <size>0xf</size>
      </object_component>
      <object_component id="oc-7a">
         <name>.debug_info</name>
         <load_address>0x0</load_address>
         <run_address>0x0</run_address>
         <size>0x5e6</size>
         <input_file_ref idref="fl-1"/>
      </object_component>
      <object_component id="oc-a9">
         <name>.debug_info</name>
         <load_address>0x5e6</load_address>
         <run_address>0x5e6</run_address>
         <size>0x22ba</size>
         <input_file_ref idref="fl-2"/>
      </object_component>
      <object_component id="oc-6a">
         <name>.debug_info</name>
         <load_address>0x28a0</load_address>
         <run_address>0x28a0</run_address>
         <size>0x500</size>
         <input_file_ref idref="fl-3"/>
      </object_component>
      <object_component id="oc-3e">
         <name>.debug_info</name>
         <load_address>0x2da0</load_address>
         <run_address>0x2da0</run_address>
         <size>0x1474</size>
         <input_file_ref idref="fl-6"/>
      </object_component>
      <object_component id="oc-ae">
         <name>.debug_info</name>
         <load_address>0x4214</load_address>
         <run_address>0x4214</run_address>
         <size>0x856</size>
         <input_file_ref idref="fl-7"/>
      </object_component>
      <object_component id="oc-136">
         <name>.debug_info</name>
         <load_address>0x4a6a</load_address>
         <run_address>0x4a6a</run_address>
         <size>0xb8b</size>
         <input_file_ref idref="fl-8"/>
      </object_component>
      <object_component id="oc-b4">
         <name>.debug_info</name>
         <load_address>0x55f5</load_address>
         <run_address>0x55f5</run_address>
         <size>0x1a66</size>
         <input_file_ref idref="fl-9"/>
      </object_component>
      <object_component id="oc-2f">
         <name>.debug_info</name>
         <load_address>0x705b</load_address>
         <run_address>0x705b</run_address>
         <size>0x3c8</size>
         <input_file_ref idref="fl-b"/>
      </object_component>
      <object_component id="oc-39">
         <name>.debug_info</name>
         <load_address>0x7423</load_address>
         <run_address>0x7423</run_address>
         <size>0x18f2</size>
         <input_file_ref idref="fl-d"/>
      </object_component>
      <object_component id="oc-ba">
         <name>.debug_info</name>
         <load_address>0x8d15</load_address>
         <run_address>0x8d15</run_address>
         <size>0x9b1</size>
         <input_file_ref idref="fl-e"/>
      </object_component>
      <object_component id="oc-34">
         <name>.debug_info</name>
         <load_address>0x96c6</load_address>
         <run_address>0x96c6</run_address>
         <size>0xb75</size>
         <input_file_ref idref="fl-10"/>
      </object_component>
      <object_component id="oc-19">
         <name>.debug_info</name>
         <load_address>0xa23b</load_address>
         <run_address>0xa23b</run_address>
         <size>0x94</size>
         <input_file_ref idref="fl-12"/>
      </object_component>
      <object_component id="oc-10f">
         <name>.debug_info</name>
         <load_address>0xa2cf</load_address>
         <run_address>0xa2cf</run_address>
         <size>0x2ae</size>
         <input_file_ref idref="fl-2a"/>
      </object_component>
      <object_component id="oc-114">
         <name>.debug_info</name>
         <load_address>0xa57d</load_address>
         <run_address>0xa57d</run_address>
         <size>0x148</size>
         <input_file_ref idref="fl-2b"/>
      </object_component>
      <object_component id="oc-e1">
         <name>.debug_info</name>
         <load_address>0xa6c5</load_address>
         <run_address>0xa6c5</run_address>
         <size>0xed</size>
         <input_file_ref idref="fl-2c"/>
      </object_component>
      <object_component id="oc-144">
         <name>.debug_info</name>
         <load_address>0xa7b2</load_address>
         <run_address>0xa7b2</run_address>
         <size>0xaa</size>
         <input_file_ref idref="fl-2d"/>
      </object_component>
      <object_component id="oc-120">
         <name>.debug_info</name>
         <load_address>0xa85c</load_address>
         <run_address>0xa85c</run_address>
         <size>0x132</size>
         <input_file_ref idref="fl-2e"/>
      </object_component>
      <object_component id="oc-27">
         <name>.debug_info</name>
         <load_address>0xa98e</load_address>
         <run_address>0xa98e</run_address>
         <size>0xa4b</size>
         <input_file_ref idref="fl-2f"/>
      </object_component>
      <object_component id="oc-1b">
         <name>.debug_info</name>
         <load_address>0xb3d9</load_address>
         <run_address>0xb3d9</run_address>
         <size>0x423</size>
         <input_file_ref idref="fl-30"/>
      </object_component>
      <object_component id="oc-e9">
         <name>.debug_info</name>
         <load_address>0xb7fc</load_address>
         <run_address>0xb7fc</run_address>
         <size>0x792</size>
         <input_file_ref idref="fl-32"/>
      </object_component>
      <object_component id="oc-8b">
         <name>.debug_info</name>
         <load_address>0xbf8e</load_address>
         <run_address>0xbf8e</run_address>
         <size>0x46</size>
         <input_file_ref idref="fl-33"/>
      </object_component>
      <object_component id="oc-56">
         <name>.debug_info</name>
         <load_address>0xbfd4</load_address>
         <run_address>0xbfd4</run_address>
         <size>0x190</size>
         <input_file_ref idref="fl-35"/>
      </object_component>
      <object_component id="oc-21">
         <name>.debug_info</name>
         <load_address>0xc164</load_address>
         <run_address>0xc164</run_address>
         <size>0xc6</size>
         <input_file_ref idref="fl-36"/>
      </object_component>
      <object_component id="oc-1d">
         <name>.debug_info</name>
         <load_address>0xc22a</load_address>
         <run_address>0xc22a</run_address>
         <size>0x17a</size>
         <input_file_ref idref="fl-37"/>
      </object_component>
      <object_component id="oc-16c">
         <name>.debug_info</name>
         <load_address>0xc3a4</load_address>
         <run_address>0xc3a4</run_address>
         <size>0x18a</size>
         <input_file_ref idref="fl-39"/>
      </object_component>
      <object_component id="oc-1b5">
         <name>.debug_info</name>
         <load_address>0xc52e</load_address>
         <run_address>0xc52e</run_address>
         <size>0x17f</size>
         <input_file_ref idref="fl-3a"/>
      </object_component>
      <object_component id="oc-1f4">
         <name>.debug_info</name>
         <load_address>0xc6ad</load_address>
         <run_address>0xc6ad</run_address>
         <size>0x9f</size>
         <input_file_ref idref="fl-74"/>
      </object_component>
      <object_component id="oc-161">
         <name>.debug_info</name>
         <load_address>0xc74c</load_address>
         <run_address>0xc74c</run_address>
         <size>0x1f1</size>
         <input_file_ref idref="fl-75"/>
      </object_component>
[...]
      </symbol>
      <symbol id="sm-12d">
         <name>ST7735_close</name>
         <value>0xfffd</value>
         <object_component_ref idref="oc-11e"/>
      </symbol>
      <symbol id="sm-12e">
         <name>ST7735_read</name>
         <value>0xff1f</value>
         <object_component_ref idref="oc-11b"/>
      </symbol>
      <symbol id="sm-12f">
         <name>ST7735_write</name>
         <value>0xfb15</value>
         <object_component_ref idref="oc-11a"/>
      </symbol>
      <symbol id="sm-130">
         <name>ST7735_lseek</name>
         <value>0xffa1</value>
         <object_component_ref idref="oc-119"/>
      </symbol>
      <symbol id="sm-131">
         <name>ST7735_unlink</name>
         <value>0x10007</value>
         <object_component_ref idref="oc-118"/>
      </symbol>
      <symbol id="sm-132">
         <name>ST7735_rename</name>
         <value>0xffe5</value>
         <object_component_ref idref="oc-117"/>
      </symbol>
      <symbol id="sm-133">
         <name>ST7735_InitPrintf</name>
         <value>0xecdd</value>
         <object_component_ref idref="oc-b3"/>
      </symbol>
      <symbol id="sm-14b">
         <name>SysTick_IntArm</name>
         <value>0xf889</value>
         <object_component_ref idref="oc-123"/>
      </symbol>
      <symbol id="sm-14c">
         <name>Sound_Init</name>
         <value>0xff91</value>
         <object_component_ref idref="oc-b8"/>
      </symbol>
      <symbol id="sm-14d">
         <name>SysTick_Handler</name>
         <value>0xf68d</value>
         <object_component_ref idref="oc-2e"/>
      </symbol>
      <symbol id="sm-14e">
         <name>pt</name>
         <value>0x20200284</value>
      </symbol>
      <symbol id="sm-14f">
         <name>length</name>
         <value>0x20200670</value>
         <object_component_ref idref="oc-70"/>
      </symbol>
      <symbol id="sm-150">
         <name>Sound_Shoot</name>
         <value>0xfd01</value>
         <object_component_ref idref="oc-d5"/>
      </symbol>
      <symbol id="sm-151">
         <name>shoot</name>
         <value>0xa0c0</value>
         <object_component_ref idref="oc-13d"/>
      </symbol>
      <symbol id="sm-152">
         <name>Sound_Explosion</name>
         <value>0xfcd5</value>
         <object_component_ref idref="oc-13a"/>
      </symbol>
      <symbol id="sm-153">
         <name>explosion</name>
         <value>0xb0b0</value>
         <object_component_ref idref="oc-17e"/>
      </symbol>
      <symbol id="sm-15e">
         <name>TIMG7_IRQHandler</name>
         <value>0xf90d</value>
         <object_component_ref idref="oc-38"/>
      </symbol>
      <symbol id="sm-15f">
         <name>TExaSadc</name>
         <value>0x20200280</value>
      </symbol>
      <symbol id="sm-160">
         <name>TExaSLogic</name>
         <value>0x2020027c</value>
      </symbol>
      <symbol id="sm-16a">
         <name>TimerG12_IntArm</name>
         <value>0xee11</value>
         <object_component_ref idref="oc-b9"/>
      </symbol>
      <symbol id="sm-175">
         <name>UART2_IRQHandler</name>
         <value>0xfd59</value>
         <object_component_ref idref="oc-33"/>
      </symbol>
      <symbol id="sm-183">
         <name>Default_Handler</name>
         <value>0x10029</value>
         <object_component_ref idref="oc-2c"/>
      </symbol>
      <symbol id="sm-184">
         <name>Reset_Handler</name>
         <value>0x10031</value>
         <object_component_ref idref="oc-28"/>
      </symbol>
      <symbol id="sm-185">
         <name>HardFault_Handler</name>
         <value>0x1002d</value>
         <object_component_ref idref="oc-2d"/>
      </symbol>
      <symbol id="sm-186">
         <name>interruptVectors</name>
         <value>0x0</value>
         <object_component_ref idref="oc-18"/>
      </symbol>
      <symbol id="sm-187">
         <name>NMI_Handler</name>
         <value>0x10029</value>
         <object_component_ref idref="oc-2c"/>
      </symbol>
      <symbol id="sm-188">
         <name>SVC_Handler</name>
         <value>0x10029</value>
         <object_component_ref idref="oc-2c"/>
      </symbol>
      <symbol id="sm-189">
         <name>PendSV_Handler</name>
         <value>0x10029</value>
         <object_component_ref idref="oc-2c"/>
      </symbol>
      <symbol id="sm-18a">
         <name>GROUP0_IRQHandler</name>
         <value>0x10029</value>
         <object_component_ref idref="oc-2c"/>
      </symbol>
      <symbol id="sm-18b">
         <name>GROUP1_IRQHandler</name>
         <value>0x10029</value>
         <object_component_ref idref="oc-2c"/>
      </symbol>
      <symbol id="sm-18c">
         <name>TIMG8_IRQHandler</name>
         <value>0x10029</value>
         <object_component_ref idref="oc-2c"/>
      </symbol>
      <symbol id="sm-18d">
         <name>UART3_IRQHandler</name>
         <value>0x10029</value>
         <object_component_ref idref="oc-2c"/>
      </symbol>
      <symbol id="sm-18e">
         <name>ADC0_IRQHandler</name>
         <value>0x10029</value>
         <object_component_ref idref="oc-2c"/>
      </symbol>
      <symbol id="sm-18f">
         <name>ADC1_IRQHandler</name>
         <value>0x10029</value>
         <object_component_ref idref="oc-2c"/>
      </symbol>
      <symbol id="sm-190">
         <name>CANFD0_IRQHandler</name>
         <value>0x10029</value>
         <object_component_ref idref="oc-2c"/>
      </symbol>
      <symbol id="sm-191">
         <name>DAC0_IRQHandler</name>
         <value>0x10029</value>
         <object_component_ref idref="oc-2c"/>
      </symbol>
      <symbol id="sm-192">
         <name>SPI0_IRQHandler</name>
         <value>0x10029</value>
         <object_component_ref idref="oc-2c"/>
      </symbol>
      <symbol id="sm-193">
         <name>SPI1_IRQHandler</name>
         <value>0x10029</value>
         <object_component_ref idref="oc-2c"/>
      </symbol>
      <symbol id="sm-194">
         <name>UART1_IRQHandler</name>
         <value>0x10029</value>
         <object_component_ref idref="oc-2c"/>
      </symbol>
      <symbol id="sm-195">
         <name>UART0_IRQHandler</name>
         <value>0x10029</value>
         <object_component_ref idref="oc-2c"/>
      </symbol>
      <symbol id="sm-196">
         <name>TIMG0_IRQHandler</name>
         <value>0x10029</value>
         <object_component_ref idref="oc-2c"/>
      </symbol>
      <symbol id="sm-197">
         <name>TIMG6_IRQHandler</name>
         <value>0x10029</value>
         <object_component_ref idref="oc-2c"/>
      </symbol>
      <symbol id="sm-198">
         <name>TIMA0_IRQHandler</name>
         <value>0x10029</value>
         <object_component_ref idref="oc-2c"/>
      </symbol>
      <symbol id="sm-199">
         <name>TIMA1_IRQHandler</name>
         <value>0x10029</value>
         <object_component_ref idref="oc-2c"/>
      </symbol>
      <symbol id="sm-19a">
         <name>I2C0_IRQHandler</name>
         <value>0x10029</value>
         <object_component_ref idref="oc-2c"/>
      </symbol>
      <symbol id="sm-19b">
         <name>I2C1_IRQHandler</name>
         <value>0x10029</value>
         <object_component_ref idref="oc-2c"/>
      </symbol>
      <symbol id="sm-19c">
         <name>AES_IRQHandler</name>
         <value>0x10029</value>
         <object_component_ref idref="oc-2c"/>
      </symbol>
      <symbol id="sm-19d">
         <name>RTC_IRQHandler</name>
         <value>0x10029</value>
         <object_component_ref idref="oc-2c"/>
      </symbol>
      <symbol id="sm-19e">
         <name>DMA_IRQHandler</name>
         <value>0x10029</value>
         <object_component_ref idref="oc-2c"/>
      </symbol>
      <symbol id="sm-1b5">
         <name>fopen</name>
         <value>0xf035</value>
         <object_component_ref idref="oc-10c"/>
      </symbol>
      <symbol id="sm-1b6">
         <name>__TI_cleanup</name>
         <value>0xfb49</value>
         <object_component_ref idref="oc-173"/>
      </symbol>
      <symbol id="sm-1b7">
         <name>freopen</name>
         <value>0xfc19</value>
         <object_component_ref idref="oc-112"/>
      </symbol>
      <symbol id="sm-1c1">
         <name>setvbuf</name>
         <value>0xe935</value>
         <object_component_ref idref="oc-113"/>
      </symbol>
      <symbol id="sm-1cf">
         <name>abort</name>
         <value>0x10039</value>
         <object_component_ref idref="oc-e0"/>
      </symbol>
      <symbol id="sm-1d0">
         <name>C$$EXIT</name>
         <value>0x10038</value>
         <object_component_ref idref="oc-e0"/>
      </symbol>
      <symbol id="sm-1d1">
         <name>__TI_cleanup_ptr</name>
         <value>0x20200648</value>
         <object_component_ref idref="oc-145"/>
      </symbol>
      <symbol id="sm-1d2">
         <name>__TI_dtors_ptr</name>
         <value>0x2020064c</value>
         <object_component_ref idref="oc-145"/>
      </symbol>
      <symbol id="sm-1d3">
         <name>exit</name>
         <value>0xfbe5</value>
         <object_component_ref idref="oc-e5"/>
      </symbol>
      <symbol id="sm-1dc">
         <name>_nop</name>
         <value>0xecdb</value>
         <object_component_ref idref="oc-181"/>
      </symbol>
      <symbol id="sm-1dd">
         <name>_lock</name>
         <value>0x20200668</value>
         <object_component_ref idref="oc-143"/>
      </symbol>
      <symbol id="sm-1de">
         <name>_unlock</name>
         <value>0x2020066c</value>
         <object_component_ref idref="oc-146"/>
      </symbol>
      <symbol id="sm-1e3">
         <name>_ftable</name>
         <value>0x20200490</value>
         <object_component_ref idref="oc-11f"/>
      </symbol>
      <symbol id="sm-1e4">
         <name>__TI_ft_end</name>
         <value>0x20200664</value>
         <object_component_ref idref="oc-167"/>
      </symbol>
      <symbol id="sm-1e5">
         <name>__TI_tmpnams</name>
         <value>0x202001c8</value>
      </symbol>
      <symbol id="sm-205">
         <name>malloc</name>
         <value>0xfff1</value>
         <object_component_ref idref="oc-172"/>
      </symbol>
      <symbol id="sm-206">
         <name>aligned_alloc</name>
         <value>0xe201</value>
         <object_component_ref idref="oc-1c6"/>
      </symbol>
      <symbol id="sm-207">
         <name>free</name>
         <value>0xe571</value>
         <object_component_ref idref="oc-170"/>
      </symbol>
      <symbol id="sm-208">
         <name>_sys_memory</name>
         <value>0x20200290</value>
         <object_component_ref idref="oc-26"/>
      </symbol>
      <symbol id="sm-209">
         <name>memalign</name>
         <value>0xe201</value>
         <object_component_ref idref="oc-1c6"/>
      </symbol>
      <symbol id="sm-214">
         <name>_c_int00_noargs</name>
         <value>0xfe2d</value>
         <object_component_ref idref="oc-5d"/>
      </symbol>
      <symbol id="sm-215">
         <name>__stack</name>
         <value>0x20207e00</value>
         <object_component_ref idref="oc-1a"/>
      </symbol>
      <symbol id="sm-221">
         <name>__TI_auto_init_nobinit_nopinit</name>
         <value>0xf98d</value>
         <object_component_ref idref="oc-e7"/>
      </symbol>
      <symbol id="sm-229">
         <name>_system_pre_init</name>
         <value>0x10035</value>
         <object_component_ref idref="oc-8a"/>
      </symbol>
      <symbol id="sm-234">
         <name>__TI_zero_init_nomemset</name>
         <value>0xff49</value>
         <object_component_ref idref="oc-54"/>
      </symbol>
      <symbol id="sm-23d">
         <name>__TI_decompress_none</name>
         <value>0xff6f</value>
         <object_component_ref idref="oc-20"/>
      </symbol>
      <symbol id="sm-248">
         <name>__TI_decompress_lzss</name>
         <value>0xf359</value>
         <object_component_ref idref="oc-1c"/>
      </symbol>
      <symbol id="sm-254">
         <name>__TI_closefile</name>
         <value>0xf0b9</value>
         <object_component_ref idref="oc-16a"/>
      </symbol>
      <symbol id="sm-25e">
         <name>__TI_doflush</name>
         <value>0xf5ed</value>
         <object_component_ref idref="oc-1b3"/>
      </symbol>
      <symbol id="sm-269">
         <name>write</name>
         <value>0xfe05</value>
         <object_component_ref idref="oc-1f3"/>
      </symbol>
      <symbol id="sm-26e">
         <name>_device</name>
         <value>0x20200580</value>
         <object_component_ref idref="oc-160"/>
      </symbol>
      <symbol id="sm-26f">
         <name>_stream</name>
         <value>0x202005f8</value>
         <object_component_ref idref="oc-1ef"/>
      </symbol>
      <symbol id="sm-278">
         <name>remove</name>
         <value>0x10019</value>
         <object_component_ref idref="oc-1bd"/>
      </symbol>
      <symbol id="sm-284">
         <name>open</name>
         <value>0xeb91</value>
         <object_component_ref idref="oc-1af"/>
      </symbol>
      <symbol id="sm-28e">
         <name>close</name>
         <value>0xf63d</value>
         <object_component_ref idref="oc-1b9"/>
      </symbol>
      <symbol id="sm-29a">
         <name>add_device</name>
         <value>0xe769</value>
         <object_component_ref idref="oc-108"/>
      </symbol>
      <symbol id="sm-2a4">
         <name>unlink</name>
         <value>0xfd85</value>
         <object_component_ref idref="oc-1fc"/>
      </symbol>
      <symbol id="sm-2ae">
         <name>HOSTclose</name>
         <value>0xf76d</value>
         <object_component_ref idref="oc-192"/>
      </symbol>
      <symbol id="sm-2b8">
         <name>HOSTlseek</name>
         <value>0xf289</value>
         <object_component_ref idref="oc-19e"/>
      </symbol>
      <symbol id="sm-2c2">
         <name>HOSTopen</name>
         <value>0xf485</value>
         <object_component_ref idref="oc-18e"/>
      </symbol>
      <symbol id="sm-2c3">
         <name>parmbuf</name>
         <value>0x20200268</value>
      </symbol>
      <symbol id="sm-2cd">
         <name>HOSTread</name>
         <value>0xf53d</value>
         <object_component_ref idref="oc-196"/>
      </symbol>
      <symbol id="sm-2de">
         <name>HOSTrename</name>
         <value>0xf2f1</value>
         <object_component_ref idref="oc-1a6"/>
      </symbol>
      <symbol id="sm-2e8">
         <name>HOSTunlink</name>
         <value>0xf7b5</value>
         <object_component_ref idref="oc-1a2"/>
      </symbol>
      <symbol id="sm-2f2">
         <name>HOSTwrite</name>
         <value>0xf595</value>
         <object_component_ref idref="oc-19a"/>
      </symbol>
      <symbol id="sm-300">
         <name>C$$IO$$</name>
         <value>0xfbdb</value>
         <object_component_ref idref="oc-1cf"/>
      </symbol>
      <symbol id="sm-301">
         <name>__TI_writemsg</name>
         <value>0xfbb1</value>
         <object_component_ref idref="oc-1cf"/>
      </symbol>
      <symbol id="sm-302">
         <name>__CIOBUF_</name>
         <value>0x20200000</value>
         <object_component_ref idref="oc-20d"/>
      </symbol>
      <symbol id="sm-303">
         <name>__TI_readmsg</name>
         <value>0xfb7d</value>
         <object_component_ref idref="oc-1d5"/>
      </symbol>
      <symbol id="sm-304">
         <name>_CIOBUF_</name>
         <value>0x20200000</value>
         <object_component_ref idref="oc-20d"/>
      </symbol>
      <symbol id="sm-30a">
         <name>__aeabi_dadd</name>
         <value>0xdf3b</value>
         <object_component_ref idref="oc-ca"/>
      </symbol>
      <symbol id="sm-30b">
         <name>__adddf3</name>
         <value>0xdf3b</value>
         <object_component_ref idref="oc-ca"/>
      </symbol>
      <symbol id="sm-30c">
         <name>__aeabi_dsub</name>
         <value>0xdf31</value>
         <object_component_ref idref="oc-ca"/>
      </symbol>
      <symbol id="sm-30d">
         <name>__subdf3</name>
         <value>0xdf31</value>
         <object_component_ref idref="oc-ca"/>
      </symbol>
      <symbol id="sm-313">
         <name>__aeabi_dmul</name>
         <value>0xe851</value>
         <object_component_ref idref="oc-c6"/>
      </symbol>
      <symbol id="sm-314">
         <name>__muldf3</name>
         <value>0xe851</value>
         <object_component_ref idref="oc-c6"/>
      </symbol>
      <symbol id="sm-31a">
         <name>__muldsi3</name>
         <value>0xf9c9</value>
         <object_component_ref idref="oc-12b"/>
      </symbol>
      <symbol id="sm-320">
         <name>__aeabi_d2iz</name>
         <value>0xf6d9</value>
         <object_component_ref idref="oc-ce"/>
      </symbol>
      <symbol id="sm-321">
         <name>__fixdfsi</name>
         <value>0xf6d9</value>
         <object_component_ref idref="oc-ce"/>
      </symbol>
      <symbol id="sm-327">
         <name>__aeabi_i2d</name>
         <value>0xfdb1</value>
         <object_component_ref idref="oc-c2"/>
      </symbol>
      <symbol id="sm-328">
         <name>__floatsidf</name>
         <value>0xfdb1</value>
         <object_component_ref idref="oc-c2"/>
      </symbol>
      <symbol id="sm-32e">
         <name>__aeabi_memcpy</name>
         <value>0x10021</value>
         <object_component_ref idref="oc-4d"/>
      </symbol>
      <symbol id="sm-32f">
         <name>__aeabi_memcpy4</name>
         <value>0x10021</value>
         <object_component_ref idref="oc-4d"/>
      </symbol>
      <symbol id="sm-330">
         <name>__aeabi_memcpy8</name>
         <value>0x10021</value>
         <object_component_ref idref="oc-4d"/>
      </symbol>
      <symbol id="sm-336">
         <name>__aeabi_memset</name>
         <value>0xfed5</value>
         <object_component_ref idref="oc-86"/>
      </symbol>
      <symbol id="sm-337">
         <name>__aeabi_memset4</name>
         <value>0xfed5</value>
         <object_component_ref idref="oc-86"/>
      </symbol>
      <symbol id="sm-338">
         <name>__aeabi_memset8</name>
         <value>0xfed5</value>
         <object_component_ref idref="oc-86"/>
      </symbol>
      <symbol id="sm-339">
         <name>__aeabi_memclr</name>
         <value>0xfee5</value>
         <object_component_ref idref="oc-86"/>
      </symbol>
      <symbol id="sm-33a">
         <name>__aeabi_memclr4</name>
         <value>0xfee5</value>
         <object_component_ref idref="oc-86"/>
      </symbol>
      <symbol id="sm-33b">
         <name>__aeabi_memclr8</name>
         <value>0xfee5</value>
         <object_component_ref idref="oc-86"/>
      </symbol>
      <symbol id="sm-341">
         <name>__aeabi_uidiv</name>
         <value>0xf94d</value>
         <object_component_ref idref="oc-1ca"/>
      </symbol>
      <symbol id="sm-342">
         <name>__aeabi_uidivmod</name>
         <value>0xf94d</value>
         <object_component_ref idref="oc-1ca"/>
      </symbol>
      <symbol id="sm-34c">
         <name>__aeabi_idiv0</name>
         <value>0xe0c3</value>
         <object_component_ref idref="oc-207"/>
      </symbol>
      <symbol id="sm-35a">
         <name>finddevice</name>
         <value>0xfa75</value>
         <object_component_ref idref="oc-159"/>
      </symbol>
      <symbol id="sm-35b">
         <name>getdevice</name>
         <value>0xf21d</value>
         <object_component_ref idref="oc-1ed"/>
      </symbol>
      <symbol id="sm-364">
         <name>TI_memcpy_small</name>
         <value>0xff5d</value>
         <object_component_ref idref="oc-9d"/>
      </symbol>
      <symbol id="sm-36d">
         <name>TI_memset_small</name>
         <value>0xffcb</value>
         <object_component_ref idref="oc-fa"/>
      </symbol>
      <symbol id="sm-36e">
         <name>__TI_static_base__</name>
         <value>0x0</value>
      </symbol>
      <symbol id="sm-371">
         <name>__mpu_init</name>
         <value>0x0</value>
      </symbol>
      <symbol id="sm-372">
         <name>_system_post_cinit</name>
         <value>0x0</value>
      </symbol>
   </symbol_table>
   <title>Link successful</title>
</link_info>
