******************************************************************************
            TI ARM Clang Linker Unix v2.1.3                    
******************************************************************************
>> Linked Thu Nov 30 17:52:14 2023

OUTPUT FILE NAME:   <ECE319K_Lab9.out>
ENTRY POINT SYMBOL: "_c_int00_noargs"  address: 0000fe2d


MEMORY CONFIGURATION

         name            origin    length      used     unused   attr    fill
----------------------  --------  ---------  --------  --------  ----  --------
  FLASH                 00000000   00020000  000100d0  0000ff30  R  X
  SRAM                  20200000   00008000  00000884  0000777c  RW X
  BCR_CONFIG            41c00000   00000080  00000000  00000080  R   
  BSL_CONFIG            41c00100   00000080  00000000  00000080  R   


SEGMENT ALLOCATION MAP

run origin  load origin   length   init length attrs members
----------  ----------- ---------- ----------- ----- -------
00000000    00000000    000100d0   000100d0    r-x
  00000000    00000000    000000c0   000000c0    r-- .intvecs
  000000c0    000000c0    0000d150   0000d150    r-- .rodata
  0000d210    0000d210    00002e30   00002e30    r-x .text
  00010040    00010040    00000090   00000090    r-- .cinit
20200000    20200000    00000689   00000000    rw-
  20200000    20200000    0000028b   00000000    rw- .bss
  20200290    20200290    00000200   00000000    rw- .sysmem
  20200490    20200490    000001f9   00000000    rw- .data
20207e00    20207e00    00000200   00000000    rw-
  20207e00    20207e00    00000200   00000000    rw- .stack


SECTION ALLOCATION MAP

 output                                  attributes/
section   page    origin      length       input sections
--------  ----  ----------  ----------   ----------------
.intvecs   0    00000000    000000c0     
                  00000000    000000c0     startup_mspm0g3507_ticlang.o (.intvecs)

.text      0    0000d210    00002e30     
                  0000d210    0000035c     Lab9Main.o (.text.main)
                  0000d56c    0000028c     Lab9Main.o (.text.checkFor4)
                  0000d7f8    00000210     ST7735.o (.text.ST7735_DrawBitmap)
                  0000da08    000001d4     Lab9Main.o (.text.MoveCheck)
                  0000dbdc    000001b4     Clock.o (.text.Clock_Init80MHz)
                  0000dd90    000001a0     ST7735.o (.text.ST7735_DrawCharS)
                  0000df30    00000192     libclang_rt.builtins.a : adddf3.S.obj (.text)
                  0000e0c2    00000002                            : aeabi_div0.c.obj (.text.__aeabi_idiv0)
                  0000e0c4    0000013c     libc.a : fopen.c.obj (.text._openfile)
                  0000e200    0000013c            : memory.c.obj (.text.aligned_alloc)
                  0000e33c    0000011c     Clock.o (.text.Clock_Init40MHz)
                  0000e458    00000118     ST7735.o (.text.ST7735_FillRect)
                  0000e570    00000100     libc.a : memory.c.obj (.text.free)
                  0000e670    000000f8     SPI.o (.text.SPI_Init)
                  0000e768    000000e8     libsysbm.a : add_device.c.obj (.text.add_device)
                  0000e850    000000e4     libclang_rt.builtins.a : muldf3.S.obj (.text)
                  0000e934    000000e0     libc.a : setvbuf.c.obj (.text.setvbuf)
                  0000ea14    000000d4     ST7735.o (.text.ST7735_OutChar)
                  0000eae8    000000a8     DAC5.o (.text.DAC5_Init)
                  0000eb90    000000a8     libsysbm.a : open.c.obj (.text.open)
                  0000ec38    000000a2     ST7735.o (.text.commandList)
                  0000ecda    00000002     libc.a : _lock.c.obj (.text._nop)
                  0000ecdc    0000009c     ST7735.o (.text.ST7735_InitPrintf)
                  0000ed78    00000098     ST7735.o (.text.ST7735_InitR)
                  0000ee10    00000094     Timer.o (.text.TimerG12_IntArm)
                  0000eea4    00000088     ST7735.o (.text.setAddrWindow)
                  0000ef2c    00000084     LaunchPad.o (.text.LaunchPad_Init)
                  0000efb0    00000084     ST7735.o (.text.ST7735_DrawString)
                  0000f034    00000084     libc.a : fopen.c.obj (.text.fopen)
                  0000f0b8    0000007c            : fclose.c.obj (.text.__TI_closefile)
                  0000f134    00000078     ADC1.o (.text.ADCinit)
                  0000f1ac    00000070     ST7735.o (.text.ST7735_DrawPixel)
                  0000f21c    0000006c     libc.a : getdevice.c.obj (.text.getdevice)
                  0000f288    00000068     libsysbm.a : hostlseek.c.obj (.text.HOSTlseek)
                  0000f2f0    00000068                : hostrename.c.obj (.text.HOSTrename)
                  0000f358    00000068     libc.a : copy_decompress_lzss.c.obj (.text:decompress:lzss)
                  0000f3c0    00000064            : memory.c.obj (.text.split)
                  0000f424    00000060     Lab9Main.o (.text.initBoard)
                  0000f484    0000005c     libsysbm.a : hostopen.c.obj (.text.HOSTopen)
                  0000f4e0    0000005c     Lab9Main.o (.text.MainMenu)
                  0000f53c    00000058     libsysbm.a : hostread.c.obj (.text.HOSTread)
                  0000f594    00000058                : hostwrite.c.obj (.text.HOSTwrite)
                  0000f5ec    00000050     libc.a : fflush.c.obj (.text.__TI_doflush)
                  0000f63c    00000050     libsysbm.a : close.c.obj (.text.close)
                  0000f68c    0000004c     Sound.o (.text.SysTick_Handler)
                  0000f6d8    0000004a     libclang_rt.builtins.a : fixdfsi.S.obj (.text)
                  0000f722    00000002     --HOLE-- [fill = 0]
                  0000f724    00000048     Lab9Main.o (.text.Button_In)
                  0000f76c    00000048     libsysbm.a : hostclose.c.obj (.text.HOSTclose)
                  0000f7b4    00000048                : hostunlink.c.obj (.text.HOSTunlink)
                  0000f7fc    00000048     SPI.o (.text.SPI_OutCommand)
                  0000f844    00000044     ADC1.o (.text.ADCin)
                  0000f888    00000044     Sound.o (.text.SysTick_IntArm)
                  0000f8cc    00000040     SPI.o (.text.SPI_Reset)
                  0000f90c    00000040     TExaS.o (.text.TIMG7_IRQHandler)
                  0000f94c    00000040     libclang_rt.builtins.a : aeabi_uidivmod.S.obj (.text)
                  0000f98c    0000003c     libc.a : autoinit.c.obj (.text:__TI_auto_init_nobinit_nopinit)
                  0000f9c8    0000003a     libclang_rt.builtins.a : muldsi3.S.obj (.text)
                  0000fa02    00000002     --HOLE-- [fill = 0]
                  0000fa04    00000038     LaunchPad.o (.text.ActivatePortA_B)
                  0000fa3c    00000038     SPI.o (.text.SPI_OutData)
                  0000fa74    00000038     libc.a : getdevice.c.obj (.text.finddevice)
                  0000faac    00000034     Clock.o (.text.Clock_Delay1ms)
                  0000fae0    00000034     ST7735.o (.text.ST7735_SetCursor)
                  0000fb14    00000034     ST7735.o (.text.ST7735_write)
                  0000fb48    00000034     libc.a : fopen.c.obj (.text.__TI_cleanup)
                  0000fb7c    00000034     libsysbm.a : trgmsg.c.obj (.text.__TI_readmsg)
                  0000fbb0    00000034                : trgmsg.c.obj (.text.__TI_writemsg)
                  0000fbe4    00000034     libc.a : exit.c.obj (.text.exit)
                  0000fc18    00000034            : fopen.c.obj (.text.freopen)
                  0000fc4c    00000030     ST7735.o (.text.commonInit)
                  0000fc7c    0000002c     ADC1.o (.text.Convert)
                  0000fca8    0000002c     ST7735.o (.text.ST7735_FillScreen)
                  0000fcd4    0000002c     Sound.o (.text.Sound_Explosion)
                  0000fd00    0000002c     Sound.o (.text.Sound_Shoot)
                  0000fd2c    0000002c     Lab9Main.o (.text.TIMG12_IRQHandler)
                  0000fd58    0000002c     UART2.o (.text.UART2_IRQHandler)
                  0000fd84    0000002c     libsysbm.a : unlink.c.obj (.text.unlink)
                  0000fdb0    0000002c     libclang_rt.builtins.a : floatsidf.S.obj (.text)
                  0000fddc    00000028     libc.a : memory.c.obj (.text.free_list_insert)
                  0000fe04    00000028     libsysbm.a : write.c.obj (.text.write)
                  0000fe2c    00000028     libc.a : boot_cortex_m.c.obj (.text:_c_int00_noargs)
                  0000fe54    00000026     ST7735.o (.text.ST7735_OutString)
                  0000fe7a    0000001e     Lab9Main.o (.text.PlayerSwitch)
                  0000fe98    0000001e     ST7735.o (.text.pushColor)
                  0000feb6    00000002     --HOLE-- [fill = 0]
                  0000feb8    0000001c     libc.a : memory.c.obj (.text.free_list_remove)
                  0000fed4    0000001c     libclang_rt.builtins.a : aeabi_memset.S.obj (.text)
                  0000fef0    00000018     Lab9Main.o (.text.Button_Init)
                  0000ff08    00000016     ST7735.o (.text.ST7735_open)
                  0000ff1e    00000016     ST7735.o (.text.ST7735_read)
                  0000ff34    00000014     DAC5.o (.text.DAC5_Out)
                  0000ff48    00000014     libc.a : copy_zero_init.c.obj (.text:decompress:ZI:__TI_zero_init_nomemset)
                  0000ff5c    00000012            : memcpy16.S.obj (.text:TI_memcpy_small)
                  0000ff6e    00000012            : copy_decompress_none.c.obj (.text:decompress:none)
                  0000ff80    00000010     Clock.o (.text.Clock_Delay)
                  0000ff90    00000010     Sound.o (.text.Sound_Init)
                  0000ffa0    0000000e     ST7735.o (.text.ST7735_lseek)
                  0000ffae    0000000e     libsysbm.a : hostrename.c.obj (.text.strcpy)
                  0000ffbc    0000000e                : hostrename.c.obj (.text.strlen)
                  0000ffca    0000000e     libc.a : memset16.S.obj (.text:TI_memset_small)
                  0000ffd8    0000000c     Clock.o (.text.Clock_Freq)
                  0000ffe4    0000000c     ST7735.o (.text.ST7735_rename)
                  0000fff0    0000000c     libc.a : memory.c.obj (.text.malloc)
                  0000fffc    0000000a     ST7735.o (.text.ST7735_close)
                  00010006    0000000a     ST7735.o (.text.ST7735_unlink)
                  00010010    00000008     Lab9Main.o (.text.PLL_Init)
                  00010018    00000008     libsysbm.a : remove.c.obj (.text.remove)
                  00010020    00000008     libclang_rt.builtins.a : aeabi_memcpy.S.obj (.text)
                  00010028    00000004     startup_mspm0g3507_ticlang.o (.text.Default_Handler)
                  0001002c    00000004     startup_mspm0g3507_ticlang.o (.text.HardFault_Handler)
                  00010030    00000004     startup_mspm0g3507_ticlang.o (.text.Reset_Handler)
                  00010034    00000004     libc.a : pre_init.c.obj (.text._system_pre_init)
                  00010038    00000004            : exit.c.obj (.text:abort)
                  0001003c    00000004     --HOLE-- [fill = 0]

.cinit     0    00010040    00000090     
                  00010040    00000067     (.cinit..data.load) [load image, compression = lzss]
                  000100a7    00000001     --HOLE-- [fill = 0]
                  000100a8    0000000c     (__TI_handler_table)
                  000100b4    00000008     (.cinit..bss.load) [load image, compression = zero_init]
                  000100bc    00000010     (__TI_cinit_table)
                  000100cc    00000004     --HOLE-- [fill = 0]

.rodata    0    000000c0    0000d150     
                  000000c0    0000a000     Lab9Main.o (.rodata.grid_new)
                  0000a0c0    00000ff0     Sound.o (.rodata.shoot)
                  0000b0b0    000007d0     Sound.o (.rodata.explosion)
                  0000b880    000004fb     ST7735.o (.rodata.Font)
                  0000bd7b    00000001     --HOLE-- [fill = 0]
                  0000bd7c    00000384     Lab9Main.o (.rodata.red_blue)
                  0000c100    00000384     Lab9Main.o (.rodata.red_white)
                  0000c484    00000384     Lab9Main.o (.rodata.white)
                  0000c808    00000384     Lab9Main.o (.rodata.yellow_blue)
                  0000cb8c    00000384     Lab9Main.o (.rodata.yellow_white)
                  0000cf10    0000024b     Lab9Main.o (.rodata.str1.1)
                  0000d15b    0000003b     ST7735.o (.rodata.Rcmd1)
                  0000d196    0000002e     ST7735.o (.rodata.str1.1)
                  0000d1c4    0000002b     ST7735.o (.rodata.Rcmd3)
                  0000d1ef    0000000d     ST7735.o (.rodata.Rcmd2green)
                  0000d1fc    0000000d     ST7735.o (.rodata.Rcmd2red)
                  0000d209    00000007     --HOLE-- [fill = 0]

.init_array 
*          0    00000000    00000000     UNINITIALIZED

.binit     0    00000000    00000000     

.bss       0    20200000    0000028b     UNINITIALIZED
                  20200000    00000120     libsysbm.a : trgmsg.c.obj (.bss:_CIOBUF_)
                  20200120    000000a8     (.common:matrix)
                  202001c8    000000a0     (.common:__TI_tmpnams)
                  20200268    00000008     (.common:parmbuf)
                  20200270    00000004     libc.a : memory.c.obj (.bss.sys_free)
                  20200274    00000004     (.common:Data)
                  20200278    00000004     (.common:Position)
                  2020027c    00000004     (.common:TExaSLogic)
                  20200280    00000004     (.common:TExaSadc)
                  20200284    00000004     (.common:pt)
                  20200288    00000001     ST7735.o (.bss.ColStart)
                  20200289    00000001     ST7735.o (.bss.RowStart)
                  2020028a    00000001     ST7735.o (.bss.TabColor)

.sysmem    0    20200290    00000200     UNINITIALIZED
                  20200290    00000010     libc.a : memory.c.obj (.sysmem)
                  202002a0    000001f0     --HOLE--

.data      0    20200490    000001f9     UNINITIALIZED
                  20200490    000000f0     libc.a : defs.c.obj (.data._ftable)
                  20200580    00000078     libsysbm.a : host_device.c.obj (.data._device)
                  202005f8    00000050                : host_device.c.obj (.data._stream)
                  20200648    00000008     libc.a : exit.c.obj (.data..L_MergedGlobals)
                  20200650    00000004     Clock.o (.data.BusFreq)
                  20200654    00000004     Lab9Main.o (.data.Flag)
                  20200658    00000004     ST7735.o (.data.StX)
                  2020065c    00000004     ST7735.o (.data.StY)
                  20200660    00000004     Sound.o (.data.SysTick_Handler.i)
                  20200664    00000004     libc.a : defs.c.obj (.data.__TI_ft_end)
                  20200668    00000004            : _lock.c.obj (.data._lock)
                  2020066c    00000004            : _lock.c.obj (.data._unlock)
                  20200670    00000004     Sound.o (.data.length)
                  20200674    00000002     ST7735.o (.data.StTextColor)
                  20200676    00000002     ST7735.o (.data._height)
                  20200678    00000002     ST7735.o (.data._width)
                  2020067a    00000002     --HOLE--
                  2020067c    00000001     libc.a : fopen.c.obj (.data._search_fp.init)
                  2020067d    00000003     --HOLE--
                  20200680    00000001     libsysbm.a : add_device.c.obj (.data.add_device.device_init)
                  20200681    00000003     --HOLE--
                  20200684    00000001     libc.a : memory.c.obj (.data.memory_is_initialized)
                  20200685    00000003     --HOLE--
                  20200688    00000001     libsysbm.a : open.c.obj (.data.open.stream_init)

.stack     0    20207e00    00000200     UNINITIALIZED
                  20207e00    00000004     libc.a : boot_cortex_m.c.obj (.stack)
                  20207e04    000001fc     --HOLE--

__llvm_prf_cnts 
*          0    20200000    00000000     UNINITIALIZED

__llvm_prf_bits 
*          0    20200000    00000000     UNINITIALIZED

MODULE SUMMARY

       Module                         code    ro data   rw data
       ------                         ----    -------   -------
    ./
       Lab9Main.o                     2346    46047     180    
       Sound.o                        248     6080      12     
       ST7735.o                       2640    1449      17     
       Clock.o                        800     0         4      
       SPI.o                          440     0         0      
       ADC1.o                         232     0         0      
       DAC5.o                         188     0         0      
       LaunchPad.o                    188     0         0      
       Timer.o                        148     0         0      
       TExaS.o                        64      0         8      
       UART2.o                        44      0         0      
    +--+------------------------------+-------+---------+---------+
       Total:                         7338    53576     221    
                                                               
    ./ticlang/
       startup_mspm0g3507_ticlang.o   12      192       0      
    +--+------------------------------+-------+---------+---------+
       Total:                         12      192       0      
                                                               
    /Applications/ti/ccs1240/ccs/tools/compiler/ti-cgt-armllvm_2.1.3.LTS/lib/armv6m-ti-none-eabi/c/libc.a
       memory.c.obj                   752     0         5      
       fopen.c.obj                    552     0         1      
       defs.c.obj                     0       0         404    
       setvbuf.c.obj                  224     0         0      
       getdevice.c.obj                164     0         0      
       fclose.c.obj                   124     0         0      
       copy_decompress_lzss.c.obj     104     0         0      
       fflush.c.obj                   80      0         0      
       exit.c.obj                     56      0         8      
       autoinit.c.obj                 60      0         0      
       boot_cortex_m.c.obj            40      0         0      
       copy_zero_init.c.obj           20      0         0      
       copy_decompress_none.c.obj     18      0         0      
       memcpy16.S.obj                 18      0         0      
       memset16.S.obj                 14      0         0      
       _lock.c.obj                    2       0         8      
       pre_init.c.obj                 4       0         0      
    +--+------------------------------+-------+---------+---------+
       Total:                         2232    0         426    
                                                               
    /Applications/ti/ccs1240/ccs/tools/compiler/ti-cgt-armllvm_2.1.3.LTS/lib/armv6m-ti-none-eabi/c/libsysbm.a
       trgmsg.c.obj                   104     0         288    
       add_device.c.obj               232     0         1      
       host_device.c.obj              0       0         200    
       open.c.obj                     168     0         1      
       hostrename.c.obj               132     0         0      
       hostlseek.c.obj                104     0         0      
       hostopen.c.obj                 92      0         8      
       hostread.c.obj                 88      0         0      
       hostwrite.c.obj                88      0         0      
       close.c.obj                    80      0         0      
       hostclose.c.obj                72      0         0      
       hostunlink.c.obj               72      0         0      
       unlink.c.obj                   44      0         0      
       write.c.obj                    40      0         0      
       remove.c.obj                   8       0         0      
    +--+------------------------------+-------+---------+---------+
       Total:                         1324    0         498    
                                                               
    /Applications/ti/ccs1240/ccs/tools/compiler/ti-cgt-armllvm_2.1.3.LTS/lib/clang/14.0.6/lib/armv6m-ti-none-eabi/libclang_rt.builtins.a
       adddf3.S.obj                   402     0         0      
       muldf3.S.obj                   228     0         0      
       fixdfsi.S.obj                  74      0         0      
       aeabi_uidivmod.S.obj           64      0         0      
       muldsi3.S.obj                  58      0         0      
       floatsidf.S.obj                44      0         0      
       aeabi_memset.S.obj             28      0         0      
       aeabi_memcpy.S.obj             8       0         0      
       aeabi_div0.c.obj               2       0         0      
    +--+------------------------------+-------+---------+---------+
       Total:                         908     0         0      
                                                               
       Heap:                          0       0         512    
       Stack:                         0       0         512    
       Linker Generated:              0       139       0      
    +--+------------------------------+-------+---------+---------+
       Grand Total:                   11814   53907     2169   


LINKER GENERATED COPY TABLES

__TI_cinit_table @ 000100bc records: 2, size/record: 8, table size: 16
	.data: load addr=00010040, load size=00000067 bytes, run addr=20200490, run size=000001f9 bytes, compression=lzss
	.bss: load addr=000100b4, load size=00000008 bytes, run addr=20200000, run size=0000028b bytes, compression=zero_init


LINKER GENERATED HANDLER TABLE

__TI_handler_table @ 000100a8 records: 3, size/record: 4, table size: 12
	index: 0, handler: __TI_decompress_lzss
	index: 1, handler: __TI_decompress_none
	index: 2, handler: __TI_zero_init


GLOBAL SYMBOLS: SORTED ALPHABETICALLY BY Name 

address   name                          
-------   ----                          
00010029  ADC0_IRQHandler               
00010029  ADC1_IRQHandler               
0000f845  ADCin                         
0000f135  ADCinit                       
00010029  AES_IRQHandler                
0000fa05  ActivatePortA_B               
20200650  BusFreq                       
0000f725  Button_In                     
0000fef1  Button_Init                   
00010038  C$$EXIT                       
0000fbdb  C$$IO$$                       
00010029  CANFD0_IRQHandler             
0000ff81  Clock_Delay                   
0000faad  Clock_Delay1ms                
0000ffd9  Clock_Freq                    
0000e33d  Clock_Init40MHz               
0000dbdd  Clock_Init80MHz               
0000fc7d  Convert                       
00010029  DAC0_IRQHandler               
0000eae9  DAC5_Init                     
0000ff35  DAC5_Out                      
00010029  DMA_IRQHandler                
20200274  Data                          
00010029  Default_Handler               
20200654  Flag                          
00010029  GROUP0_IRQHandler             
00010029  GROUP1_IRQHandler             
0000f76d  HOSTclose                     
0000f289  HOSTlseek                     
0000f485  HOSTopen                      
0000f53d  HOSTread                      
0000f2f1  HOSTrename                    
0000f7b5  HOSTunlink                    
0000f595  HOSTwrite                     
0001002d  HardFault_Handler             
00010029  I2C0_IRQHandler               
00010029  I2C1_IRQHandler               
0000ef2d  LaunchPad_Init                
0000f4e1  MainMenu                      
0000da09  MoveCheck                     
00010029  NMI_Handler                   
00010011  PLL_Init                      
00010029  PendSV_Handler                
0000fe7b  PlayerSwitch                  
20200278  Position                      
00010029  RTC_IRQHandler                
00010031  Reset_Handler                 
00010029  SPI0_IRQHandler               
00010029  SPI1_IRQHandler               
0000e671  SPI_Init                      
0000f7fd  SPI_OutCommand                
0000fa3d  SPI_OutData                   
0000f8cd  SPI_Reset                     
0000d7f9  ST7735_DrawBitmap             
0000dd91  ST7735_DrawCharS              
0000f1ad  ST7735_DrawPixel              
0000efb1  ST7735_DrawString             
0000e459  ST7735_FillRect               
0000fca9  ST7735_FillScreen             
0000ecdd  ST7735_InitPrintf             
0000ed79  ST7735_InitR                  
0000ea15  ST7735_OutChar                
0000fe55  ST7735_OutString              
0000fae1  ST7735_SetCursor              
0000fffd  ST7735_close                  
0000ffa1  ST7735_lseek                  
0000ff09  ST7735_open                   
0000ff1f  ST7735_read                   
0000ffe5  ST7735_rename                 
00010007  ST7735_unlink                 
0000fb15  ST7735_write                  
00010029  SVC_Handler                   
0000fcd5  Sound_Explosion               
0000ff91  Sound_Init                    
0000fd01  Sound_Shoot                   
20200674  StTextColor                   
20200658  StX                           
2020065c  StY                           
0000f68d  SysTick_Handler               
0000f889  SysTick_IntArm                
2020027c  TExaSLogic                    
20200280  TExaSadc                      
00010029  TIMA0_IRQHandler              
00010029  TIMA1_IRQHandler              
00010029  TIMG0_IRQHandler              
0000fd2d  TIMG12_IRQHandler             
00010029  TIMG6_IRQHandler              
0000f90d  TIMG7_IRQHandler              
00010029  TIMG8_IRQHandler              
0000ff5d  TI_memcpy_small               
0000ffcb  TI_memset_small               
0000ee11  TimerG12_IntArm               
00010029  UART0_IRQHandler              
00010029  UART1_IRQHandler              
0000fd59  UART2_IRQHandler              
00010029  UART3_IRQHandler              
20200000  _CIOBUF_                      
20200000  __CIOBUF_                     
20208000  __STACK_END                   
00000200  __STACK_SIZE                  
00000200  __SYSMEM_SIZE                 
000100bc  __TI_CINIT_Base               
000100cc  __TI_CINIT_Limit              
000100cc  __TI_CINIT_Warm               
000100a8  __TI_Handler_Table_Base       
000100b4  __TI_Handler_Table_Limit      
0000f98d  __TI_auto_init_nobinit_nopinit
0000fb49  __TI_cleanup                  
20200648  __TI_cleanup_ptr              
0000f0b9  __TI_closefile                
0000f359  __TI_decompress_lzss          
0000ff6f  __TI_decompress_none          
0000f5ed  __TI_doflush                  
2020064c  __TI_dtors_ptr                
20200664  __TI_ft_end                   
ffffffff  __TI_pprof_out_hndl           
ffffffff  __TI_prof_data_size           
ffffffff  __TI_prof_data_start          
0000fb7d  __TI_readmsg                  
00000000  __TI_static_base__            
202001c8  __TI_tmpnams                  
0000fbb1  __TI_writemsg                 
0000ff49  __TI_zero_init_nomemset       
0000df3b  __adddf3                      
0000f6d9  __aeabi_d2iz                  
0000df3b  __aeabi_dadd                  
0000e851  __aeabi_dmul                  
0000df31  __aeabi_dsub                  
0000fdb1  __aeabi_i2d                   
0000e0c3  __aeabi_idiv0                 
0000fee5  __aeabi_memclr                
0000fee5  __aeabi_memclr4               
0000fee5  __aeabi_memclr8               
00010021  __aeabi_memcpy                
00010021  __aeabi_memcpy4               
00010021  __aeabi_memcpy8               
0000fed5  __aeabi_memset                
0000fed5  __aeabi_memset4               
0000fed5  __aeabi_memset8               
0000f94d  __aeabi_uidiv                 
0000f94d  __aeabi_uidivmod              
ffffffff  __binit__                     
0000f6d9  __fixdfsi                     
0000fdb1  __floatsidf                   
UNDEFED   __mpu_init                    
0000e851  __muldf3                      
0000f9c9  __muldsi3                     
20207e00  __stack                       
20200000  __start___llvm_prf_bits       
20200000  __start___llvm_prf_cnts       
20200000  __stop___llvm_prf_bits        
20200000  __stop___llvm_prf_cnts        
0000df31  __subdf3                      
0000fe2d  _c_int00_noargs               
20200580  _device                       
20200490  _ftable                       
20200668  _lock                         
0000ecdb  _nop                          
202005f8  _stream                       
20200290  _sys_memory                   
UNDEFED   _system_post_cinit            
00010035  _system_pre_init              
2020066c  _unlock                       
00010039  abort                         
0000e769  add_device                    
0000e201  aligned_alloc                 
ffffffff  binit                         
0000d56d  checkFor4                     
0000f63d  close                         
0000fbe5  exit                          
0000b0b0  explosion                     
0000fa75  finddevice                    
0000f035  fopen                         
0000e571  free                          
0000fc19  freopen                       
0000f21d  getdevice                     
000000c0  grid_new                      
0000f425  initBoard                     
00000000  interruptVectors              
20200670  length                        
0000d211  main                          
0000fff1  malloc                        
20200120  matrix                        
0000e201  memalign                      
0000eb91  open                          
20200268  parmbuf                       
20200284  pt                            
0000bd7c  red_blue                      
0000c100  red_white                     
00010019  remove                        
0000e935  setvbuf                       
0000a0c0  shoot                         
0000fd85  unlink                        
0000c484  white                         
0000fe05  write                         
0000c808  yellow_blue                   
0000cb8c  yellow_white                  


GLOBAL SYMBOLS: SORTED BY Symbol Address 

address   name                          
-------   ----                          
00000000  __TI_static_base__            
00000000  interruptVectors              
000000c0  grid_new                      
00000200  __STACK_SIZE                  
00000200  __SYSMEM_SIZE                 
0000a0c0  shoot                         
0000b0b0  explosion                     
0000bd7c  red_blue                      
0000c100  red_white                     
0000c484  white                         
0000c808  yellow_blue                   
0000cb8c  yellow_white                  
0000d211  main                          
0000d56d  checkFor4                     
0000d7f9  ST7735_DrawBitmap             
0000da09  MoveCheck                     
0000dbdd  Clock_Init80MHz               
0000dd91  ST7735_DrawCharS              
0000df31  __aeabi_dsub                  
0000df31  __subdf3                      
0000df3b  __adddf3                      
0000df3b  __aeabi_dadd                  
0000e0c3  __aeabi_idiv0                 
0000e201  aligned_alloc                 
0000e201  memalign                      
0000e33d  Clock_Init40MHz               
0000e459  ST7735_FillRect               
0000e571  free                          
0000e671  SPI_Init                      
0000e769  add_device                    
0000e851  __aeabi_dmul                  
0000e851  __muldf3                      
0000e935  setvbuf                       
0000ea15  ST7735_OutChar                
0000eae9  DAC5_Init                     
0000eb91  open                          
0000ecdb  _nop                          
0000ecdd  ST7735_InitPrintf             
0000ed79  ST7735_InitR                  
0000ee11  TimerG12_IntArm               
0000ef2d  LaunchPad_Init                
0000efb1  ST7735_DrawString             
0000f035  fopen                         
0000f0b9  __TI_closefile                
0000f135  ADCinit                       
0000f1ad  ST7735_DrawPixel              
0000f21d  getdevice                     
0000f289  HOSTlseek                     
0000f2f1  HOSTrename                    
0000f359  __TI_decompress_lzss          
0000f425  initBoard                     
0000f485  HOSTopen                      
0000f4e1  MainMenu                      
0000f53d  HOSTread                      
0000f595  HOSTwrite                     
0000f5ed  __TI_doflush                  
0000f63d  close                         
0000f68d  SysTick_Handler               
0000f6d9  __aeabi_d2iz                  
0000f6d9  __fixdfsi                     
0000f725  Button_In                     
0000f76d  HOSTclose                     
0000f7b5  HOSTunlink                    
0000f7fd  SPI_OutCommand                
0000f845  ADCin                         
0000f889  SysTick_IntArm                
0000f8cd  SPI_Reset                     
0000f90d  TIMG7_IRQHandler              
0000f94d  __aeabi_uidiv                 
0000f94d  __aeabi_uidivmod              
0000f98d  __TI_auto_init_nobinit_nopinit
0000f9c9  __muldsi3                     
0000fa05  ActivatePortA_B               
0000fa3d  SPI_OutData                   
0000fa75  finddevice                    
0000faad  Clock_Delay1ms                
0000fae1  ST7735_SetCursor              
0000fb15  ST7735_write                  
0000fb49  __TI_cleanup                  
0000fb7d  __TI_readmsg                  
0000fbb1  __TI_writemsg                 
0000fbdb  C$$IO$$                       
0000fbe5  exit                          
0000fc19  freopen                       
0000fc7d  Convert                       
0000fca9  ST7735_FillScreen             
0000fcd5  Sound_Explosion               
0000fd01  Sound_Shoot                   
0000fd2d  TIMG12_IRQHandler             
0000fd59  UART2_IRQHandler              
0000fd85  unlink                        
0000fdb1  __aeabi_i2d                   
0000fdb1  __floatsidf                   
0000fe05  write                         
0000fe2d  _c_int00_noargs               
0000fe55  ST7735_OutString              
0000fe7b  PlayerSwitch                  
0000fed5  __aeabi_memset                
0000fed5  __aeabi_memset4               
0000fed5  __aeabi_memset8               
0000fee5  __aeabi_memclr                
0000fee5  __aeabi_memclr4               
0000fee5  __aeabi_memclr8               
0000fef1  Button_Init                   
0000ff09  ST7735_open                   
0000ff1f  ST7735_read                   
0000ff35  DAC5_Out                      
0000ff49  __TI_zero_init_nomemset       
0000ff5d  TI_memcpy_small               
0000ff6f  __TI_decompress_none          
0000ff81  Clock_Delay                   
0000ff91  Sound_Init                    
0000ffa1  ST7735_lseek                  
0000ffcb  TI_memset_small               
0000ffd9  Clock_Freq                    
0000ffe5  ST7735_rename                 
0000fff1  malloc                        
0000fffd  ST7735_close                  
00010007  ST7735_unlink                 
00010011  PLL_Init                      
00010019  remove                        
00010021  __aeabi_memcpy                
00010021  __aeabi_memcpy4               
00010021  __aeabi_memcpy8               
00010029  ADC0_IRQHandler               
00010029  ADC1_IRQHandler               
00010029  AES_IRQHandler                
00010029  CANFD0_IRQHandler             
00010029  DAC0_IRQHandler               
00010029  DMA_IRQHandler                
00010029  Default_Handler               
00010029  GROUP0_IRQHandler             
00010029  GROUP1_IRQHandler             
00010029  I2C0_IRQHandler               
00010029  I2C1_IRQHandler               
00010029  NMI_Handler                   
00010029  PendSV_Handler                
00010029  RTC_IRQHandler                
00010029  SPI0_IRQHandler               
00010029  SPI1_IRQHandler               
00010029  SVC_Handler                   
00010029  TIMA0_IRQHandler              
00010029  TIMA1_IRQHandler              
00010029  TIMG0_IRQHandler              
00010029  TIMG6_IRQHandler              
00010029  TIMG8_IRQHandler              
00010029  UART0_IRQHandler              
00010029  UART1_IRQHandler              
00010029  UART3_IRQHandler              
0001002d  HardFault_Handler             
00010031  Reset_Handler                 
00010035  _system_pre_init              
00010038  C$$EXIT                       
00010039  abort                         
000100a8  __TI_Handler_Table_Base       
000100b4  __TI_Handler_Table_Limit      
000100bc  __TI_CINIT_Base               
000100cc  __TI_CINIT_Limit              
000100cc  __TI_CINIT_Warm               
20200000  _CIOBUF_                      
20200000  __CIOBUF_                     
20200000  __start___llvm_prf_bits       
20200000  __start___llvm_prf_cnts       
20200000  __stop___llvm_prf_bits        
20200000  __stop___llvm_prf_cnts        
20200120  matrix                        
202001c8  __TI_tmpnams                  
20200268  parmbuf                       
20200274  Data                          
20200278  Position                      
2020027c  TExaSLogic                    
20200280  TExaSadc                      
20200284  pt                            
20200290  _sys_memory                   
20200490  _ftable                       
20200580  _device                       
202005f8  _stream                       
20200648  __TI_cleanup_ptr              
2020064c  __TI_dtors_ptr                
20200650  BusFreq                       
20200654  Flag                          
20200658  StX                           
2020065c  StY                           
20200664  __TI_ft_end                   
20200668  _lock                         
2020066c  _unlock                       
20200670  length                        
20200674  StTextColor                   
20207e00  __stack                       
20208000  __STACK_END                   
ffffffff  __TI_pprof_out_hndl           
ffffffff  __TI_prof_data_size           
ffffffff  __TI_prof_data_start          
ffffffff  __binit__                     
ffffffff  binit                         
UNDEFED   __mpu_init                    
UNDEFED   _system_post_cinit            

[197 symbols]
